Archive member included because of file (symbol)

C:\dev\sdk\main\s3e\edk\lib\android\libedk.a(edk_helpers.o)
                              release\s3eFlurry_platform.os (s3eEdkThreadRunOnOS)

Discarded input sections

 .group         0x00000000       0x10 release\s3eFlurry_platform.os
 .group         0x00000000       0x10 release\s3eFlurry_platform.os
 .group         0x00000000       0x10 release\s3eFlurry_platform.os
 .text          0x00000000        0x0 release\s3eFlurry_platform.os
 .data          0x00000000        0x0 release\s3eFlurry_platform.os
 .ARM.extab.text._Z27s3eFlurryTerminate_platformv
                0x00000000        0x0 release\s3eFlurry_platform.os
 .ARM.extab.text._Z31s3eFlurryEndTimedEvent_platformPKc
                0x00000000        0x0 release\s3eFlurry_platform.os
 .ARM.extab.text._Z31s3eFlurryShowOfferWall_platformv
                0x00000000        0x0 release\s3eFlurry_platform.os
 .ARM.extab.text._Z30s3eFlurryShowAdBanner_platformh
                0x00000000        0x0 release\s3eFlurry_platform.os
 .ARM.extab.text._Z32s3eFlurrySetDefaultText_platformPKc
                0x00000000        0x0 release\s3eFlurry_platform.os
 .ARM.extab.text._Z33s3eFlurryAppCircleEnable_platformv
                0x00000000        0x0 release\s3eFlurry_platform.os
 .ARM.extab.text._ZL27s3eEdkAndroidFindClass_realPKc
                0x00000000        0x0 release\s3eFlurry_platform.os
 .ARM.extab.text._Z22s3eFlurryInit_platformv
                0x00000000        0x0 release\s3eFlurry_platform.os
 .ARM.extab.text._Z26s3eFlurryLogEvent_platformPKch
                0x00000000        0x0 release\s3eFlurry_platform.os
 .ARM.extab.text._Z23s3eFlurryStart_platformPKc
                0x00000000        0x0 release\s3eFlurry_platform.os
 .ARM.extab.text._Z41s3eFlurrySetSessionReportOnPause_platformh
                0x00000000        0x0 release\s3eFlurry_platform.os
 .ARM.extab.text._Z41s3eFlurrySetSessionReportOnClose_platformh
                0x00000000        0x0 release\s3eFlurry_platform.os
 .ARM.extab.text._Z29s3eFlurrySetLocation_platformP11s3eLocation
                0x00000000        0x0 release\s3eFlurry_platform.os
 .ARM.extab.text._Z31s3eFlurrySetUserGender_platform19s3eFlurryUserGender
                0x00000000        0x0 release\s3eFlurry_platform.os
 .ARM.extab.text._Z28s3eFlurrySetUserAge_platformh
                0x00000000        0x0 release\s3eFlurry_platform.os
 .ARM.extab.text._Z27s3eFlurrySetUserID_platformPKc
                0x00000000        0x0 release\s3eFlurry_platform.os
 .ARM.extab.text._Z26s3eFlurryLogError_platformPKcS0_
                0x00000000        0x0 release\s3eFlurry_platform.os
 .note.GNU-stack
                0x00000000        0x0 release\s3eFlurry_platform.os
 .text          0x00000000        0x0 release\s3eFlurry.os
 .data          0x00000000        0x0 release\s3eFlurry.os
 .bss           0x00000000        0x0 release\s3eFlurry.os
 .note.GNU-stack
                0x00000000        0x0 release\s3eFlurry.os
 .text          0x00000000        0x0 release\s3eFlurry_register.os
 .data          0x00000000        0x0 release\s3eFlurry_register.os
 .bss           0x00000000        0x0 release\s3eFlurry_register.os
 .text._Z20s3eFlurryRegisterExtv
                0x00000000      0x130 release\s3eFlurry_register.os
 .ARM.extab.text._Z20s3eFlurryRegisterExtv
                0x00000000        0x0 release\s3eFlurry_register.os
 .ARM.exidx.text._Z20s3eFlurryRegisterExtv
                0x00000000        0x8 release\s3eFlurry_register.os
 .ARM.extab.text.RegisterExt
                0x00000000        0x0 release\s3eFlurry_register.os
 .note.GNU-stack
                0x00000000        0x0 release\s3eFlurry_register.os
 .text          0x00000000        0x0 C:\dev\sdk\main\s3e\edk\lib\android\libedk.a(edk_helpers.o)
 .data          0x00000000        0x0 C:\dev\sdk\main\s3e\edk\lib\android\libedk.a(edk_helpers.o)
 .bss           0x00000000        0x0 C:\dev\sdk\main\s3e\edk\lib\android\libedk.a(edk_helpers.o)
 .text.s3eEdkThreadRunOnOSAsync
                0x00000000       0x30 C:\dev\sdk\main\s3e\edk\lib\android\libedk.a(edk_helpers.o)
 .ARM.extab.text.s3eEdkThreadRunOnOSAsync
                0x00000000        0xc C:\dev\sdk\main\s3e\edk\lib\android\libedk.a(edk_helpers.o)
 .ARM.exidx.text.s3eEdkThreadRunOnOSAsync
                0x00000000        0x8 C:\dev\sdk\main\s3e\edk\lib\android\libedk.a(edk_helpers.o)
 .text.s3eEdkErrorSetString
                0x00000000       0x30 C:\dev\sdk\main\s3e\edk\lib\android\libedk.a(edk_helpers.o)
 .ARM.extab.text.s3eEdkErrorSetString
                0x00000000        0xc C:\dev\sdk\main\s3e\edk\lib\android\libedk.a(edk_helpers.o)
 .ARM.exidx.text.s3eEdkErrorSetString
                0x00000000        0x8 C:\dev\sdk\main\s3e\edk\lib\android\libedk.a(edk_helpers.o)
 .note.GNU-stack
                0x00000000        0x0 C:\dev\sdk\main\s3e\edk\lib\android\libedk.a(edk_helpers.o)

Memory Configuration

Name             Origin             Length             Attributes
*default*        0x00000000         0xffffffff

Linker script and memory map

LOAD release\s3eFlurry_platform.os
LOAD release\s3eFlurry.os
LOAD release\s3eFlurry_register.os
LOAD C:\dev\sdk\main\s3e\edk\lib\android\libedk.a
LOAD C:\dev\sdk\main\s3e\edk\lib\android/libplaceholderplaceholderplaceholderplaceholderplaceholder.so
LOAD C:\dev\sdk\main\platform_libs\android\arch-arm\usr\lib/libc.so
LOAD C:\dev\sdk\main\platform_libs\android\arch-arm\usr\lib/libm.so
LOAD C:\dev\sdk\main\platform_libs\android\arch-arm\usr\lib/liblog.so
LOAD C:\dev\sdk\main\platform_libs\android\gnu-libstdc++\libs\armeabi\libstdc++.a
LOAD c:/marmalade/archives/arm-2010q1-202-arm-none-linux-gnueabi-i686-mingw32-tar-bz2/bin/../lib/gcc/arm-none-linux-gnueabi/4.4.1\libgcc.a
                0x000000d4                . = (0x0 + SIZEOF_HEADERS)

.note.gnu.build-id
 *(.note.gnu.build-id)

.hash           0x000000d4       0xa0
 *(.hash)
 .hash          0x000000d4       0xa0 release\s3eFlurry_platform.os

.gnu.hash
 *(.gnu.hash)

.dynsym         0x00000174      0x150
 *(.dynsym)
 .dynsym        0x00000174      0x150 release\s3eFlurry_platform.os

.dynstr         0x000002c4      0x140
 *(.dynstr)
 .dynstr        0x000002c4      0x140 release\s3eFlurry_platform.os

.gnu.version    0x00000404        0x0
 *(.gnu.version)
 .gnu.version   0x00000000        0x0 release\s3eFlurry_platform.os

.gnu.version_d  0x00000404        0x0
 *(.gnu.version_d)
 .gnu.version_d
                0x00000000        0x0 release\s3eFlurry_platform.os

.gnu.version_r  0x00000404        0x0
 *(.gnu.version_r)
 .gnu.version_r
                0x00000000        0x0 release\s3eFlurry_platform.os

.rel.dyn        0x00000404      0x228
 *(.rel.init)
 *(.rel.text .rel.text.* .rel.gnu.linkonce.t.*)
 .rel.text._Z31s3eFlurryEndTimedEvent_platformPKc
                0x00000404        0x8 release\s3eFlurry_platform.os
 .rel.text._Z31s3eFlurryShowOfferWall_platformv
                0x0000040c        0x8 release\s3eFlurry_platform.os
 .rel.text._Z30s3eFlurryShowAdBanner_platformh
                0x00000414        0x8 release\s3eFlurry_platform.os
 .rel.text._Z32s3eFlurrySetDefaultText_platformPKc
                0x0000041c        0x8 release\s3eFlurry_platform.os
 .rel.text._Z33s3eFlurryAppCircleEnable_platformv
                0x00000424        0x8 release\s3eFlurry_platform.os
 .rel.text._Z22s3eFlurryInit_platformv
                0x0000042c       0xc0 release\s3eFlurry_platform.os
 .rel.text._Z26s3eFlurryLogEvent_platformPKch
                0x000004ec        0x8 release\s3eFlurry_platform.os
 .rel.text._Z23s3eFlurryStart_platformPKc
                0x000004f4        0x8 release\s3eFlurry_platform.os
 .rel.text._Z41s3eFlurrySetSessionReportOnPause_platformh
                0x000004fc        0x8 release\s3eFlurry_platform.os
 .rel.text._Z41s3eFlurrySetSessionReportOnClose_platformh
                0x00000504        0x8 release\s3eFlurry_platform.os
 .rel.text._Z29s3eFlurrySetLocation_platformP11s3eLocation
                0x0000050c        0x8 release\s3eFlurry_platform.os
 .rel.text._Z31s3eFlurrySetUserGender_platform19s3eFlurryUserGender
                0x00000514        0x8 release\s3eFlurry_platform.os
 .rel.text._Z28s3eFlurrySetUserAge_platformh
                0x0000051c        0x8 release\s3eFlurry_platform.os
 .rel.text._Z27s3eFlurrySetUserID_platformPKc
                0x00000524        0x8 release\s3eFlurry_platform.os
 .rel.text._Z26s3eFlurryLogError_platformPKcS0_
                0x0000052c        0x8 release\s3eFlurry_platform.os
 .rel.text._Z20s3eFlurryRegisterExtv
                0x00000000        0x0 release\s3eFlurry_platform.os
 .rel.text._ZL27s3eFlurryShowOfferWall_wrapv
                0x00000534        0x8 release\s3eFlurry_platform.os
 .rel.text._ZL26s3eFlurryShowAdBanner_wraph
                0x0000053c        0x8 release\s3eFlurry_platform.os
 .rel.text._ZL28s3eFlurrySetDefaultText_wrapPKc
                0x00000544        0x8 release\s3eFlurry_platform.os
 .rel.text._ZL29s3eFlurryAppCircleEnable_wrapv
                0x0000054c        0x8 release\s3eFlurry_platform.os
 .rel.text._ZL37s3eFlurrySetSessionReportOnPause_wraph
                0x00000554        0x8 release\s3eFlurry_platform.os
 .rel.text._ZL37s3eFlurrySetSessionReportOnClose_wraph
                0x0000055c        0x8 release\s3eFlurry_platform.os
 .rel.text._ZL25s3eFlurrySetLocation_wrapP11s3eLocation
                0x00000564        0x8 release\s3eFlurry_platform.os
 .rel.text._ZL27s3eFlurrySetUserGender_wrap19s3eFlurryUserGender
                0x0000056c        0x8 release\s3eFlurry_platform.os
 .rel.text._ZL24s3eFlurrySetUserAge_wraph
                0x00000574        0x8 release\s3eFlurry_platform.os
 .rel.text._ZL23s3eFlurrySetUserID_wrapPKc
                0x0000057c        0x8 release\s3eFlurry_platform.os
 .rel.text._ZL22s3eFlurryLogError_wrapPKcS0_
                0x00000584        0x8 release\s3eFlurry_platform.os
 .rel.text._ZL27s3eFlurryEndTimedEvent_wrapPKc
                0x0000058c        0x8 release\s3eFlurry_platform.os
 .rel.text._ZL22s3eFlurryLogEvent_wrapPKch
                0x00000594        0x8 release\s3eFlurry_platform.os
 .rel.text._ZL19s3eFlurryStart_wrapPKc
                0x0000059c        0x8 release\s3eFlurry_platform.os
 .rel.text.RegisterExt
                0x000005a4       0x88 release\s3eFlurry_platform.os
 *(.rel.fini)
 *(.rel.rodata .rel.rodata.* .rel.gnu.linkonce.r.*)
 *(.rel.data.rel.ro* .rel.gnu.linkonce.d.rel.ro.*)
 *(.rel.data .rel.data.* .rel.gnu.linkonce.d.*)
 *(.rel.tdata .rel.tdata.* .rel.gnu.linkonce.td.*)
 *(.rel.tbss .rel.tbss.* .rel.gnu.linkonce.tb.*)
 *(.rel.ctors)
 *(.rel.dtors)
 *(.rel.got)
 .rel.got       0x00000000        0x0 release\s3eFlurry_platform.os
 *(.rel.bss .rel.bss.* .rel.gnu.linkonce.b.*)
 *(.rel.ifunc)

.rela.dyn
 *(.rela.init)
 *(.rela.text .rela.text.* .rela.gnu.linkonce.t.*)
 *(.rela.fini)
 *(.rela.rodata .rela.rodata.* .rela.gnu.linkonce.r.*)
 *(.rela.data .rela.data.* .rela.gnu.linkonce.d.*)
 *(.rela.tdata .rela.tdata.* .rela.gnu.linkonce.td.*)
 *(.rela.tbss .rela.tbss.* .rela.gnu.linkonce.tb.*)
 *(.rela.ctors)
 *(.rela.dtors)
 *(.rela.got)
 *(.rela.bss .rela.bss.* .rela.gnu.linkonce.b.*)
 *(.rela.ifunc)

.rel.plt        0x0000062c       0x18
 *(.rel.plt)
 .rel.plt       0x0000062c       0x18 release\s3eFlurry_platform.os
 *(.rel.iplt)

.rela.plt
 *(.rela.plt)
 *(.rela.iplt)

.init
 *(.init)

.plt            0x00000644       0x38
 *(.plt)
 .plt           0x00000644       0x38 release\s3eFlurry_platform.os
 *(.iplt)

.text           0x0000067c      0xeb8
 *(.text .stub .text.* .gnu.linkonce.t.*)
 .text._ZN7_JNIEnv11GetMethodIDEP7_jclassPKcS3_
                0x0000067c       0x1c release\s3eFlurry_platform.os
                0x0000067c                _JNIEnv::GetMethodID(_jclass*, char const*, char const*)
 .text._Z27s3eFlurryTerminate_platformv
                0x00000698        0x4 release\s3eFlurry_platform.os
                0x00000698                s3eFlurryTerminate_platform()
 .text._ZN7_JNIEnv14CallVoidMethodEP8_jobjectP10_jmethodIDz
                0x0000069c       0x38 release\s3eFlurry_platform.os
                0x0000069c                _JNIEnv::CallVoidMethod(_jobject*, _jmethodID*, ...)
 .text._ZN7_JNIEnv9NewObjectEP7_jclassP10_jmethodIDz
                0x000006d4       0x38 release\s3eFlurry_platform.os
                0x000006d4                _JNIEnv::NewObject(_jclass*, _jmethodID*, ...)
 .text._Z31s3eFlurryEndTimedEvent_platformPKc
                0x0000070c       0x78 release\s3eFlurry_platform.os
                0x0000070c                s3eFlurryEndTimedEvent_platform(char const*)
 .text._Z31s3eFlurryShowOfferWall_platformv
                0x00000784       0x54 release\s3eFlurry_platform.os
                0x00000784                s3eFlurryShowOfferWall_platform()
 .text._Z30s3eFlurryShowAdBanner_platformh
                0x000007d8       0x70 release\s3eFlurry_platform.os
                0x000007d8                s3eFlurryShowAdBanner_platform(unsigned char)
 .text._Z32s3eFlurrySetDefaultText_platformPKc
                0x00000848       0x78 release\s3eFlurry_platform.os
                0x00000848                s3eFlurrySetDefaultText_platform(char const*)
 .text._Z33s3eFlurryAppCircleEnable_platformv
                0x000008c0       0x54 release\s3eFlurry_platform.os
                0x000008c0                s3eFlurryAppCircleEnable_platform()
 .text._ZL27s3eEdkAndroidFindClass_realPKc
                0x00000914       0xa0 release\s3eFlurry_platform.os
 .text._Z22s3eFlurryInit_platformv
                0x000009b4      0x384 release\s3eFlurry_platform.os
                0x000009b4                s3eFlurryInit_platform()
 .text._Z26s3eFlurryLogEvent_platformPKch
                0x00000d38       0x78 release\s3eFlurry_platform.os
                0x00000d38                s3eFlurryLogEvent_platform(char const*, unsigned char)
 .text._Z23s3eFlurryStart_platformPKc
                0x00000db0       0x78 release\s3eFlurry_platform.os
                0x00000db0                s3eFlurryStart_platform(char const*)
 .text._Z41s3eFlurrySetSessionReportOnPause_platformh
                0x00000e28       0x54 release\s3eFlurry_platform.os
                0x00000e28                s3eFlurrySetSessionReportOnPause_platform(unsigned char)
 .text._Z41s3eFlurrySetSessionReportOnClose_platformh
                0x00000e7c       0x54 release\s3eFlurry_platform.os
                0x00000e7c                s3eFlurrySetSessionReportOnClose_platform(unsigned char)
 .text._Z29s3eFlurrySetLocation_platformP11s3eLocation
                0x00000ed0       0x54 release\s3eFlurry_platform.os
                0x00000ed0                s3eFlurrySetLocation_platform(s3eLocation*)
 .text._Z31s3eFlurrySetUserGender_platform19s3eFlurryUserGender
                0x00000f24       0x88 release\s3eFlurry_platform.os
                0x00000f24                s3eFlurrySetUserGender_platform(s3eFlurryUserGender)
 .text._Z28s3eFlurrySetUserAge_platformh
                0x00000fac       0x54 release\s3eFlurry_platform.os
                0x00000fac                s3eFlurrySetUserAge_platform(unsigned char)
 .text._Z27s3eFlurrySetUserID_platformPKc
                0x00001000       0x78 release\s3eFlurry_platform.os
                0x00001000                s3eFlurrySetUserID_platform(char const*)
 .text._Z26s3eFlurryLogError_platformPKcS0_
                0x00001078       0x9c release\s3eFlurry_platform.os
                0x00001078                s3eFlurryLogError_platform(char const*, char const*)
 .text.s3eFlurryShowOfferWall
                0x00001114       0x10 release\s3eFlurry.os
                0x00001114                s3eFlurryShowOfferWall
 .text.s3eFlurryShowAdBanner
                0x00001124       0x10 release\s3eFlurry.os
                0x00001124                s3eFlurryShowAdBanner
 .text.s3eFlurrySetDefaultText
                0x00001134       0x10 release\s3eFlurry.os
                0x00001134                s3eFlurrySetDefaultText
 .text.s3eFlurryAppCircleEnable
                0x00001144       0x10 release\s3eFlurry.os
                0x00001144                s3eFlurryAppCircleEnable
 .text.s3eFlurrySetSessionReportOnPause
                0x00001154       0x10 release\s3eFlurry.os
                0x00001154                s3eFlurrySetSessionReportOnPause
 .text.s3eFlurrySetSessionReportOnClose
                0x00001164       0x10 release\s3eFlurry.os
                0x00001164                s3eFlurrySetSessionReportOnClose
 .text.s3eFlurrySetLocation
                0x00001174       0x10 release\s3eFlurry.os
                0x00001174                s3eFlurrySetLocation
 .text.s3eFlurrySetUserGender
                0x00001184       0x10 release\s3eFlurry.os
                0x00001184                s3eFlurrySetUserGender
 .text.s3eFlurrySetUserAge
                0x00001194       0x10 release\s3eFlurry.os
                0x00001194                s3eFlurrySetUserAge
 .text.s3eFlurrySetUserID
                0x000011a4       0x10 release\s3eFlurry.os
                0x000011a4                s3eFlurrySetUserID
 .text.s3eFlurryLogError
                0x000011b4       0x10 release\s3eFlurry.os
                0x000011b4                s3eFlurryLogError
 .text.s3eFlurryEndTimedEvent
                0x000011c4       0x10 release\s3eFlurry.os
                0x000011c4                s3eFlurryEndTimedEvent
 .text.s3eFlurryLogEvent
                0x000011d4       0x10 release\s3eFlurry.os
                0x000011d4                s3eFlurryLogEvent
 .text.s3eFlurryStart
                0x000011e4       0x10 release\s3eFlurry.os
                0x000011e4                s3eFlurryStart
 .text._Z18s3eFlurryTerminatev
                0x000011f4       0x10 release\s3eFlurry.os
                0x000011f4                s3eFlurryTerminate()
 .text._Z13s3eFlurryInitv
                0x00001204       0x10 release\s3eFlurry.os
                0x00001204                s3eFlurryInit()
 .text._ZL27s3eFlurryShowOfferWall_wrapv
                0x00001214       0x1c release\s3eFlurry_register.os
 .text._ZL26s3eFlurryShowAdBanner_wraph
                0x00001230       0x20 release\s3eFlurry_register.os
 .text._ZL28s3eFlurrySetDefaultText_wrapPKc
                0x00001250       0x20 release\s3eFlurry_register.os
 .text._ZL29s3eFlurryAppCircleEnable_wrapv
                0x00001270       0x1c release\s3eFlurry_register.os
 .text._ZL37s3eFlurrySetSessionReportOnPause_wraph
                0x0000128c       0x20 release\s3eFlurry_register.os
 .text._ZL37s3eFlurrySetSessionReportOnClose_wraph
                0x000012ac       0x20 release\s3eFlurry_register.os
 .text._ZL25s3eFlurrySetLocation_wrapP11s3eLocation
                0x000012cc       0x20 release\s3eFlurry_register.os
 .text._ZL27s3eFlurrySetUserGender_wrap19s3eFlurryUserGender
                0x000012ec       0x20 release\s3eFlurry_register.os
 .text._ZL24s3eFlurrySetUserAge_wraph
                0x0000130c       0x20 release\s3eFlurry_register.os
 .text._ZL23s3eFlurrySetUserID_wrapPKc
                0x0000132c       0x20 release\s3eFlurry_register.os
 .text._ZL22s3eFlurryLogError_wrapPKcS0_
                0x0000134c       0x24 release\s3eFlurry_register.os
 .text._ZL27s3eFlurryEndTimedEvent_wrapPKc
                0x00001370       0x20 release\s3eFlurry_register.os
 .text._ZL22s3eFlurryLogEvent_wrapPKch
                0x00001390       0x24 release\s3eFlurry_register.os
 .text._ZL19s3eFlurryStart_wrapPKc
                0x000013b4       0x20 release\s3eFlurry_register.os
 .text.RegisterExt
                0x000013d4      0x130 release\s3eFlurry_register.os
                0x000013d4                RegisterExt
 .text.s3eEdkThreadRunOnOS
                0x00001504       0x30 C:\dev\sdk\main\s3e\edk\lib\android\libedk.a(edk_helpers.o)
                0x00001504                s3eEdkThreadRunOnOS
 *(.gnu.warning)
 *(.glue_7t)
 .glue_7t       0x00000000        0x0 linker stubs
 *(.glue_7)
 .glue_7        0x00000000        0x0 linker stubs
 *(.vfp11_veneer)
 .vfp11_veneer  0x00000000        0x0 linker stubs
 *(.v4_bx)
 .v4_bx         0x00000000        0x0 linker stubs

.fini
 *(.fini)
                0x00001534                PROVIDE (__etext, .)
                0x00001534                PROVIDE (_etext, .)
                0x00001534                PROVIDE (etext, .)

.rodata         0x00001534      0x1d4
 *(.rodata .rodata.* .gnu.linkonce.r.*)
 .rodata.str1.4
                0x00001534      0x1d4 release\s3eFlurry_platform.os
 .rodata.str1.4
                0x00000000        0xc release\s3eFlurry_register.os

.rodata1
 *(.rodata1)

.ARM.extab      0x00001708      0x198
 *(.ARM.extab* .gnu.linkonce.armextab.*)
 .ARM.extab.text._ZN7_JNIEnv11GetMethodIDEP7_jclassPKcS3_
                0x00001708        0xc release\s3eFlurry_platform.os
 .ARM.extab.text._ZN7_JNIEnv14CallVoidMethodEP8_jobjectP10_jmethodIDz
                0x00001714        0xc release\s3eFlurry_platform.os
 .ARM.extab.text._ZN7_JNIEnv9NewObjectEP7_jclassP10_jmethodIDz
                0x00001720        0xc release\s3eFlurry_platform.os
 .ARM.extab.text.s3eFlurryShowOfferWall
                0x0000172c        0xc release\s3eFlurry.os
 .ARM.extab.text.s3eFlurryShowAdBanner
                0x00001738        0xc release\s3eFlurry.os
 .ARM.extab.text.s3eFlurrySetDefaultText
                0x00001744        0xc release\s3eFlurry.os
 .ARM.extab.text.s3eFlurryAppCircleEnable
                0x00001750        0xc release\s3eFlurry.os
 .ARM.extab.text.s3eFlurrySetSessionReportOnPause
                0x0000175c        0xc release\s3eFlurry.os
 .ARM.extab.text.s3eFlurrySetSessionReportOnClose
                0x00001768        0xc release\s3eFlurry.os
 .ARM.extab.text.s3eFlurrySetLocation
                0x00001774        0xc release\s3eFlurry.os
 .ARM.extab.text.s3eFlurrySetUserGender
                0x00001780        0xc release\s3eFlurry.os
 .ARM.extab.text.s3eFlurrySetUserAge
                0x0000178c        0xc release\s3eFlurry.os
 .ARM.extab.text.s3eFlurrySetUserID
                0x00001798        0xc release\s3eFlurry.os
 .ARM.extab.text.s3eFlurryLogError
                0x000017a4        0xc release\s3eFlurry.os
 .ARM.extab.text.s3eFlurryEndTimedEvent
                0x000017b0        0xc release\s3eFlurry.os
 .ARM.extab.text.s3eFlurryLogEvent
                0x000017bc        0xc release\s3eFlurry.os
 .ARM.extab.text.s3eFlurryStart
                0x000017c8        0xc release\s3eFlurry.os
 .ARM.extab.text._Z18s3eFlurryTerminatev
                0x000017d4        0xc release\s3eFlurry.os
 .ARM.extab.text._Z13s3eFlurryInitv
                0x000017e0        0xc release\s3eFlurry.os
 .ARM.extab.text._ZL27s3eFlurryShowOfferWall_wrapv
                0x000017ec        0xc release\s3eFlurry_register.os
 .ARM.extab.text._ZL26s3eFlurryShowAdBanner_wraph
                0x000017f8        0xc release\s3eFlurry_register.os
 .ARM.extab.text._ZL28s3eFlurrySetDefaultText_wrapPKc
                0x00001804        0xc release\s3eFlurry_register.os
 .ARM.extab.text._ZL29s3eFlurryAppCircleEnable_wrapv
                0x00001810        0xc release\s3eFlurry_register.os
 .ARM.extab.text._ZL37s3eFlurrySetSessionReportOnPause_wraph
                0x0000181c        0xc release\s3eFlurry_register.os
 .ARM.extab.text._ZL37s3eFlurrySetSessionReportOnClose_wraph
                0x00001828        0xc release\s3eFlurry_register.os
 .ARM.extab.text._ZL25s3eFlurrySetLocation_wrapP11s3eLocation
                0x00001834        0xc release\s3eFlurry_register.os
 .ARM.extab.text._ZL27s3eFlurrySetUserGender_wrap19s3eFlurryUserGender
                0x00001840        0xc release\s3eFlurry_register.os
 .ARM.extab.text._ZL24s3eFlurrySetUserAge_wraph
                0x0000184c        0xc release\s3eFlurry_register.os
 .ARM.extab.text._ZL23s3eFlurrySetUserID_wrapPKc
                0x00001858        0xc release\s3eFlurry_register.os
 .ARM.extab.text._ZL22s3eFlurryLogError_wrapPKcS0_
                0x00001864        0xc release\s3eFlurry_register.os
 .ARM.extab.text._ZL27s3eFlurryEndTimedEvent_wrapPKc
                0x00001870        0xc release\s3eFlurry_register.os
 .ARM.extab.text._ZL22s3eFlurryLogEvent_wrapPKch
                0x0000187c        0xc release\s3eFlurry_register.os
 .ARM.extab.text._ZL19s3eFlurryStart_wrapPKc
                0x00001888        0xc release\s3eFlurry_register.os
 .ARM.extab.text.s3eEdkThreadRunOnOS
                0x00001894        0xc C:\dev\sdk\main\s3e\edk\lib\android\libedk.a(edk_helpers.o)
                0x000018a0                PROVIDE (__exidx_start, .)

.ARM.exidx      0x000018a0      0x190
 *(.ARM.exidx* .gnu.linkonce.armexidx.*)
 .ARM.exidx.text._ZN7_JNIEnv11GetMethodIDEP7_jclassPKcS3_
                0x000018a0        0x8 release\s3eFlurry_platform.os
 .ARM.exidx.text._Z27s3eFlurryTerminate_platformv
                0x000018a8        0x8 release\s3eFlurry_platform.os
 .ARM.exidx.text._ZN7_JNIEnv14CallVoidMethodEP8_jobjectP10_jmethodIDz
                0x000018b0        0x8 release\s3eFlurry_platform.os
 .ARM.exidx.text._ZN7_JNIEnv9NewObjectEP7_jclassP10_jmethodIDz
                0x000018b8        0x8 release\s3eFlurry_platform.os
 .ARM.exidx.text._Z31s3eFlurryEndTimedEvent_platformPKc
                0x000018c0        0x8 release\s3eFlurry_platform.os
 .ARM.exidx.text._Z31s3eFlurryShowOfferWall_platformv
                0x000018c8        0x8 release\s3eFlurry_platform.os
 .ARM.exidx.text._Z30s3eFlurryShowAdBanner_platformh
                0x000018d0        0x8 release\s3eFlurry_platform.os
 .ARM.exidx.text._Z32s3eFlurrySetDefaultText_platformPKc
                0x000018d8        0x8 release\s3eFlurry_platform.os
 .ARM.exidx.text._Z33s3eFlurryAppCircleEnable_platformv
                0x000018e0        0x8 release\s3eFlurry_platform.os
 .ARM.exidx.text._ZL27s3eEdkAndroidFindClass_realPKc
                0x000018e8        0x8 release\s3eFlurry_platform.os
 .ARM.exidx.text._Z22s3eFlurryInit_platformv
                0x000018f0        0x8 release\s3eFlurry_platform.os
 .ARM.exidx.text._Z26s3eFlurryLogEvent_platformPKch
                0x000018f8        0x8 release\s3eFlurry_platform.os
 .ARM.exidx.text._Z23s3eFlurryStart_platformPKc
                0x00001900        0x0 release\s3eFlurry_platform.os
                                  0x8 (size before relaxing)
 .ARM.exidx.text._Z41s3eFlurrySetSessionReportOnPause_platformh
                0x00001900        0x8 release\s3eFlurry_platform.os
 .ARM.exidx.text._Z41s3eFlurrySetSessionReportOnClose_platformh
                0x00001908        0x0 release\s3eFlurry_platform.os
                                  0x8 (size before relaxing)
 .ARM.exidx.text._Z29s3eFlurrySetLocation_platformP11s3eLocation
                0x00001908        0x0 release\s3eFlurry_platform.os
                                  0x8 (size before relaxing)
 .ARM.exidx.text._Z31s3eFlurrySetUserGender_platform19s3eFlurryUserGender
                0x00001908        0x8 release\s3eFlurry_platform.os
 .ARM.exidx.text._Z28s3eFlurrySetUserAge_platformh
                0x00001910        0x8 release\s3eFlurry_platform.os
 .ARM.exidx.text._Z27s3eFlurrySetUserID_platformPKc
                0x00001918        0x8 release\s3eFlurry_platform.os
 .ARM.exidx.text._Z26s3eFlurryLogError_platformPKcS0_
                0x00001920        0x8 release\s3eFlurry_platform.os
 .ARM.exidx.text.s3eFlurryShowOfferWall
                0x00001928        0x8 release\s3eFlurry.os
 .ARM.exidx.text.s3eFlurryShowAdBanner
                0x00001930        0x8 release\s3eFlurry.os
 .ARM.exidx.text.s3eFlurrySetDefaultText
                0x00001938        0x8 release\s3eFlurry.os
 .ARM.exidx.text.s3eFlurryAppCircleEnable
                0x00001940        0x8 release\s3eFlurry.os
 .ARM.exidx.text.s3eFlurrySetSessionReportOnPause
                0x00001948        0x8 release\s3eFlurry.os
 .ARM.exidx.text.s3eFlurrySetSessionReportOnClose
                0x00001950        0x8 release\s3eFlurry.os
 .ARM.exidx.text.s3eFlurrySetLocation
                0x00001958        0x8 release\s3eFlurry.os
 .ARM.exidx.text.s3eFlurrySetUserGender
                0x00001960        0x8 release\s3eFlurry.os
 .ARM.exidx.text.s3eFlurrySetUserAge
                0x00001968        0x8 release\s3eFlurry.os
 .ARM.exidx.text.s3eFlurrySetUserID
                0x00001970        0x8 release\s3eFlurry.os
 .ARM.exidx.text.s3eFlurryLogError
                0x00001978        0x8 release\s3eFlurry.os
 .ARM.exidx.text.s3eFlurryEndTimedEvent
                0x00001980        0x8 release\s3eFlurry.os
 .ARM.exidx.text.s3eFlurryLogEvent
                0x00001988        0x8 release\s3eFlurry.os
 .ARM.exidx.text.s3eFlurryStart
                0x00001990        0x8 release\s3eFlurry.os
 .ARM.exidx.text._Z18s3eFlurryTerminatev
                0x00001998        0x8 release\s3eFlurry.os
 .ARM.exidx.text._Z13s3eFlurryInitv
                0x000019a0        0x8 release\s3eFlurry.os
 .ARM.exidx.text._ZL27s3eFlurryShowOfferWall_wrapv
                0x000019a8        0x8 release\s3eFlurry_register.os
 .ARM.exidx.text._ZL26s3eFlurryShowAdBanner_wraph
                0x000019b0        0x8 release\s3eFlurry_register.os
 .ARM.exidx.text._ZL28s3eFlurrySetDefaultText_wrapPKc
                0x000019b8        0x8 release\s3eFlurry_register.os
 .ARM.exidx.text._ZL29s3eFlurryAppCircleEnable_wrapv
                0x000019c0        0x8 release\s3eFlurry_register.os
 .ARM.exidx.text._ZL37s3eFlurrySetSessionReportOnPause_wraph
                0x000019c8        0x8 release\s3eFlurry_register.os
 .ARM.exidx.text._ZL37s3eFlurrySetSessionReportOnClose_wraph
                0x000019d0        0x8 release\s3eFlurry_register.os
 .ARM.exidx.text._ZL25s3eFlurrySetLocation_wrapP11s3eLocation
                0x000019d8        0x8 release\s3eFlurry_register.os
 .ARM.exidx.text._ZL27s3eFlurrySetUserGender_wrap19s3eFlurryUserGender
                0x000019e0        0x8 release\s3eFlurry_register.os
 .ARM.exidx.text._ZL24s3eFlurrySetUserAge_wraph
                0x000019e8        0x8 release\s3eFlurry_register.os
 .ARM.exidx.text._ZL23s3eFlurrySetUserID_wrapPKc
                0x000019f0        0x8 release\s3eFlurry_register.os
 .ARM.exidx.text._ZL22s3eFlurryLogError_wrapPKcS0_
                0x000019f8        0x8 release\s3eFlurry_register.os
 .ARM.exidx.text._ZL27s3eFlurryEndTimedEvent_wrapPKc
                0x00001a00        0x8 release\s3eFlurry_register.os
 .ARM.exidx.text._ZL22s3eFlurryLogEvent_wrapPKch
                0x00001a08        0x8 release\s3eFlurry_register.os
 .ARM.exidx.text._ZL19s3eFlurryStart_wrapPKc
                0x00001a10        0x8 release\s3eFlurry_register.os
 .ARM.exidx.text.RegisterExt
                0x00001a18        0x8 release\s3eFlurry_register.os
 .ARM.exidx.text.s3eEdkThreadRunOnOS
                0x00001a20       0x10 C:\dev\sdk\main\s3e\edk\lib\android\libedk.a(edk_helpers.o)
                                  0x8 (size before relaxing)
                0x00001a30                PROVIDE (__exidx_end, .)

.eh_frame_hdr
 *(.eh_frame_hdr)

.eh_frame
 *(.eh_frame)

.gcc_except_table
 *(.gcc_except_table .gcc_except_table.*)
                0x00001a30                . = (ALIGN (0x8000) - ((0x8000 - .) & 0x7fff))
                0x00009a30                . = (0x8000 DATA_SEGMENT_ALIGN 0x1000)

.eh_frame
 *(.eh_frame)

.gcc_except_table
 *(.gcc_except_table .gcc_except_table.*)

.tdata
 *(.tdata .tdata.* .gnu.linkonce.td.*)

.tbss
 *(.tbss .tbss.* .gnu.linkonce.tb.*)
 *(.tcommon)

.preinit_array
 *(.preinit_array)

.init_array
 *(SORT(.init_array.*))
 *(.init_array)

.fini_array
 *(SORT(.fini_array.*))
 *(.fini_array)

.ctors
 *crtbegin.o(.ctors)
 *crtbegin?.o(.ctors)
 *(EXCLUDE_FILE(*crtend?.o *crtend.o) .ctors)
 *(SORT(.ctors.*))
 *(.ctors)

.dtors
 *crtbegin.o(.dtors)
 *crtbegin?.o(.dtors)
 *(EXCLUDE_FILE(*crtend?.o *crtend.o) .dtors)
 *(SORT(.dtors.*))
 *(.dtors)

.jcr
 *(.jcr)

.data.rel.ro
 *(.data.rel.ro.local* .gnu.linkonce.d.rel.ro.local.*)
 *(.data.rel.ro* .gnu.linkonce.d.rel.ro.*)

.dynamic        0x00009a30       0xb0
 *(.dynamic)
 .dynamic       0x00009a30       0xb0 release\s3eFlurry_platform.os
                0x00009a30                _DYNAMIC
                0x00009ae0                . = (. DATA_SEGMENT_RELRO_END 0x0)

.got            0x00009ae0       0x18
 *(.got.plt)
 .got.plt       0x00009ae0       0x18 release\s3eFlurry_platform.os
                0x00009ae0                _GLOBAL_OFFSET_TABLE_
 *(.igot.plt)
 *(.got)
 .got           0x00000000        0x0 release\s3eFlurry_platform.os
 *(.igot)

.data           0x00009af8        0x0
                0x00009af8                __data_start = .
 *(.data .data.* .gnu.linkonce.d.*)

.data1
 *(.data1)
                0x00009af8                _edata = .
                0x00009af8                PROVIDE (edata, .)
                0x00009af8                __bss_start = .
                0x00009af8                __bss_start__ = .

.bss            0x00009af8       0x3c
 *(.dynbss)
 .dynbss        0x00000000        0x0 release\s3eFlurry_platform.os
 *(.bss .bss.* .gnu.linkonce.b.*)
 .bss           0x00009af8       0x3c release\s3eFlurry_platform.os
 *(COMMON)
                0x00009b34                . = ALIGN ((. != 0x0)?0x4:0x1)
                0x00009b34                _bss_end__ = .
                0x00009b34                __bss_end__ = .
                0x00009b34                . = ALIGN (0x4)
                0x00009b34                . = ALIGN (0x4)
                0x00009b34                __end__ = .
                0x00009b34                _end = .
                0x00009b34                PROVIDE (end, .)
                0x00009b34                . = DATA_SEGMENT_END (.)

.stab
 *(.stab)

.stabstr
 *(.stabstr)

.stab.excl
 *(.stab.excl)

.stab.exclstr
 *(.stab.exclstr)

.stab.index
 *(.stab.index)

.stab.indexstr
 *(.stab.indexstr)

.ARM.attributes
                0x00000000       0x2c
 .ARM.attributes
                0x00000000       0x2c release\s3eFlurry_platform.os
 .ARM.attributes
                0x0000002c       0x2c release\s3eFlurry.os
 .ARM.attributes
                0x00000058       0x2c release\s3eFlurry_register.os
 .ARM.attributes
                0x00000084       0x2c C:\dev\sdk\main\s3e\edk\lib\android\libedk.a(edk_helpers.o)

.comment        0x00000000       0xac
 *(.comment)
 .comment       0x00000000       0x2b release\s3eFlurry_platform.os
 .comment       0x0000002b       0x2b release\s3eFlurry.os
 .comment       0x00000056       0x2b release\s3eFlurry_register.os
 .comment       0x00000081       0x2b C:\dev\sdk\main\s3e\edk\lib\android\libedk.a(edk_helpers.o)

.debug
 *(.debug)

.line
 *(.line)

.debug_srcinfo
 *(.debug_srcinfo)

.debug_sfnames
 *(.debug_sfnames)

.debug_aranges
 *(.debug_aranges)

.debug_pubnames
 *(.debug_pubnames)

.debug_info
 *(.debug_info .gnu.linkonce.wi.*)

.debug_abbrev
 *(.debug_abbrev)

.debug_line
 *(.debug_line)

.debug_frame
 *(.debug_frame)

.debug_str
 *(.debug_str)

.debug_loc
 *(.debug_loc)

.debug_macinfo
 *(.debug_macinfo)

.debug_weaknames
 *(.debug_weaknames)

.debug_funcnames
 *(.debug_funcnames)

.debug_typenames
 *(.debug_typenames)

.debug_varnames
 *(.debug_varnames)

.debug_pubtypes
 *(.debug_pubtypes)

.debug_ranges
 *(.debug_ranges)

.gnu.attributes
 *(.gnu.attributes)

.note.gnu.arm.ident
 *(.note.gnu.arm.ident)

/DISCARD/
 *(.note.GNU-stack)
 *(.gnu_debuglink)
OUTPUT(C:\dev\sdk\main\extensions\s3eflurry\lib\android\libs3eFlurry.so elf32-littlearm)
