Archive member included because of file (symbol)

C:\dev\sdk\main\s3e\edk\lib\android\libedk.a(IwDebug.o)
                              debug\s3eFlurry_platform.os (IwDebugTraceSetTraceChannel)
C:\dev\sdk\main\s3e\edk\lib\android\libedk.a(edk_helpers.o)
                              debug\s3eFlurry_platform.os (s3eEdkThreadRunOnOS)

Discarded input sections

 .group         0x00000000       0x10 debug\s3eFlurry_platform.os
 .group         0x00000000       0x10 debug\s3eFlurry_platform.os
 .group         0x00000000       0x10 debug\s3eFlurry_platform.os
 .group         0x00000000       0x10 debug\s3eFlurry_platform.os
 .group         0x00000000       0x10 debug\s3eFlurry_platform.os
 .group         0x00000000       0x10 debug\s3eFlurry_platform.os
 .group         0x00000000       0x10 debug\s3eFlurry_platform.os
 .group         0x00000000       0x10 debug\s3eFlurry_platform.os
 .group         0x00000000       0x10 debug\s3eFlurry_platform.os
 .group         0x00000000       0x10 debug\s3eFlurry_platform.os
 .group         0x00000000       0x10 debug\s3eFlurry_platform.os
 .text          0x00000000        0x0 debug\s3eFlurry_platform.os
 .data          0x00000000        0x0 debug\s3eFlurry_platform.os
 .ARM.extab.text._ZL15s3eEdkJNIGetEnvv
                0x00000000        0x0 debug\s3eFlurry_platform.os
 .ARM.extab.text._ZL27s3eEdkAndroidFindClass_realPKc
                0x00000000        0x0 debug\s3eFlurry_platform.os
 .ARM.extab.text._ZL22s3eEdkAndroidFindClassPKc
                0x00000000        0x0 debug\s3eFlurry_platform.os
 .ARM.extab.text._Z22s3eFlurryInit_platformv
                0x00000000        0x0 debug\s3eFlurry_platform.os
 .ARM.extab.text._Z27s3eFlurryTerminate_platformv
                0x00000000        0x0 debug\s3eFlurry_platform.os
 .ARM.extab.text._Z23s3eFlurryStart_platformPKc
                0x00000000        0x0 debug\s3eFlurry_platform.os
 .ARM.extab.text._Z26s3eFlurryLogEvent_platformPKch
                0x00000000        0x0 debug\s3eFlurry_platform.os
 .ARM.extab.text._Z31s3eFlurryEndTimedEvent_platformPKc
                0x00000000        0x0 debug\s3eFlurry_platform.os
 .ARM.extab.text._Z26s3eFlurryLogError_platformPKcS0_
                0x00000000        0x0 debug\s3eFlurry_platform.os
 .ARM.extab.text._Z27s3eFlurrySetUserID_platformPKc
                0x00000000        0x0 debug\s3eFlurry_platform.os
 .ARM.extab.text._Z28s3eFlurrySetUserAge_platformh
                0x00000000        0x0 debug\s3eFlurry_platform.os
 .ARM.extab.text._Z31s3eFlurrySetUserGender_platform19s3eFlurryUserGender
                0x00000000        0x0 debug\s3eFlurry_platform.os
 .ARM.extab.text._Z29s3eFlurrySetLocation_platformP11s3eLocation
                0x00000000        0x0 debug\s3eFlurry_platform.os
 .ARM.extab.text._Z41s3eFlurrySetSessionReportOnClose_platformh
                0x00000000        0x0 debug\s3eFlurry_platform.os
 .ARM.extab.text._Z41s3eFlurrySetSessionReportOnPause_platformh
                0x00000000        0x0 debug\s3eFlurry_platform.os
 .ARM.extab.text._Z33s3eFlurryAppCircleEnable_platformv
                0x00000000        0x0 debug\s3eFlurry_platform.os
 .ARM.extab.text._Z32s3eFlurrySetDefaultText_platformPKc
                0x00000000        0x0 debug\s3eFlurry_platform.os
 .ARM.extab.text._Z30s3eFlurryShowAdBanner_platformh
                0x00000000        0x0 debug\s3eFlurry_platform.os
 .ARM.extab.text._Z31s3eFlurryShowOfferWall_platformv
                0x00000000        0x0 debug\s3eFlurry_platform.os
 .note.GNU-stack
                0x00000000        0x0 debug\s3eFlurry_platform.os
 .text          0x00000000        0x0 debug\s3eFlurry.os
 .data          0x00000000        0x0 debug\s3eFlurry.os
 .bss           0x00000000        0x0 debug\s3eFlurry.os
 .ARM.extab.text.s3eFlurryStart
                0x00000000        0x0 debug\s3eFlurry.os
 .ARM.extab.text.s3eFlurryLogEvent
                0x00000000        0x0 debug\s3eFlurry.os
 .ARM.extab.text.s3eFlurryEndTimedEvent
                0x00000000        0x0 debug\s3eFlurry.os
 .ARM.extab.text.s3eFlurryLogError
                0x00000000        0x0 debug\s3eFlurry.os
 .ARM.extab.text.s3eFlurrySetUserID
                0x00000000        0x0 debug\s3eFlurry.os
 .ARM.extab.text.s3eFlurrySetUserAge
                0x00000000        0x0 debug\s3eFlurry.os
 .ARM.extab.text.s3eFlurrySetUserGender
                0x00000000        0x0 debug\s3eFlurry.os
 .ARM.extab.text.s3eFlurrySetLocation
                0x00000000        0x0 debug\s3eFlurry.os
 .ARM.extab.text.s3eFlurrySetSessionReportOnClose
                0x00000000        0x0 debug\s3eFlurry.os
 .ARM.extab.text.s3eFlurrySetSessionReportOnPause
                0x00000000        0x0 debug\s3eFlurry.os
 .ARM.extab.text.s3eFlurrySetDefaultText
                0x00000000        0x0 debug\s3eFlurry.os
 .ARM.extab.text.s3eFlurryShowAdBanner
                0x00000000        0x0 debug\s3eFlurry.os
 .note.GNU-stack
                0x00000000        0x0 debug\s3eFlurry.os
 .text          0x00000000        0x0 debug\s3eFlurry_register.os
 .data          0x00000000        0x0 debug\s3eFlurry_register.os
 .bss           0x00000000        0x0 debug\s3eFlurry_register.os
 .ARM.extab.text._ZL19s3eFlurryStart_wrapPKc
                0x00000000        0x0 debug\s3eFlurry_register.os
 .ARM.extab.text._ZL22s3eFlurryLogEvent_wrapPKch
                0x00000000        0x0 debug\s3eFlurry_register.os
 .ARM.extab.text._ZL27s3eFlurryEndTimedEvent_wrapPKc
                0x00000000        0x0 debug\s3eFlurry_register.os
 .ARM.extab.text._ZL22s3eFlurryLogError_wrapPKcS0_
                0x00000000        0x0 debug\s3eFlurry_register.os
 .ARM.extab.text._ZL23s3eFlurrySetUserID_wrapPKc
                0x00000000        0x0 debug\s3eFlurry_register.os
 .ARM.extab.text._ZL24s3eFlurrySetUserAge_wraph
                0x00000000        0x0 debug\s3eFlurry_register.os
 .ARM.extab.text._ZL27s3eFlurrySetUserGender_wrap19s3eFlurryUserGender
                0x00000000        0x0 debug\s3eFlurry_register.os
 .ARM.extab.text._ZL25s3eFlurrySetLocation_wrapP11s3eLocation
                0x00000000        0x0 debug\s3eFlurry_register.os
 .ARM.extab.text._ZL37s3eFlurrySetSessionReportOnClose_wraph
                0x00000000        0x0 debug\s3eFlurry_register.os
 .ARM.extab.text._ZL37s3eFlurrySetSessionReportOnPause_wraph
                0x00000000        0x0 debug\s3eFlurry_register.os
 .ARM.extab.text._ZL28s3eFlurrySetDefaultText_wrapPKc
                0x00000000        0x0 debug\s3eFlurry_register.os
 .ARM.extab.text._ZL26s3eFlurryShowAdBanner_wraph
                0x00000000        0x0 debug\s3eFlurry_register.os
 .ARM.extab.text._Z20s3eFlurryRegisterExtv
                0x00000000        0x0 debug\s3eFlurry_register.os
 .note.GNU-stack
                0x00000000        0x0 debug\s3eFlurry_register.os
 .text          0x00000000        0x0 C:\dev\sdk\main\s3e\edk\lib\android\libedk.a(IwDebug.o)
 .data          0x00000000        0x0 C:\dev\sdk\main\s3e\edk\lib\android\libedk.a(IwDebug.o)
 .text.IwAssertRegisterTextCallback
                0x00000000       0x18 C:\dev\sdk\main\s3e\edk\lib\android\libedk.a(IwDebug.o)
 .ARM.extab.text.IwAssertRegisterTextCallback
                0x00000000        0x0 C:\dev\sdk\main\s3e\edk\lib\android\libedk.a(IwDebug.o)
 .ARM.exidx.text.IwAssertRegisterTextCallback
                0x00000000        0x8 C:\dev\sdk\main\s3e\edk\lib\android\libedk.a(IwDebug.o)
 .text.IwAssertRegisterCallback
                0x00000000       0x18 C:\dev\sdk\main\s3e\edk\lib\android\libedk.a(IwDebug.o)
 .ARM.extab.text.IwAssertRegisterCallback
                0x00000000        0x0 C:\dev\sdk\main\s3e\edk\lib\android\libedk.a(IwDebug.o)
 .ARM.exidx.text.IwAssertRegisterCallback
                0x00000000        0x8 C:\dev\sdk\main\s3e\edk\lib\android\libedk.a(IwDebug.o)
 .ARM.extab.text.IwDebugTraceSetTraceChannel
                0x00000000        0x0 C:\dev\sdk\main\s3e\edk\lib\android\libedk.a(IwDebug.o)
 .text.IwDebugErrorRegisterCallback
                0x00000000       0x18 C:\dev\sdk\main\s3e\edk\lib\android\libedk.a(IwDebug.o)
 .ARM.extab.text.IwDebugErrorRegisterCallback
                0x00000000        0x0 C:\dev\sdk\main\s3e\edk\lib\android\libedk.a(IwDebug.o)
 .ARM.exidx.text.IwDebugErrorRegisterCallback
                0x00000000        0x8 C:\dev\sdk\main\s3e\edk\lib\android\libedk.a(IwDebug.o)
 .text.IwDebugAssertSetUID
                0x00000000       0x10 C:\dev\sdk\main\s3e\edk\lib\android\libedk.a(IwDebug.o)
 .ARM.extab.text.IwDebugAssertSetUID
                0x00000000        0x0 C:\dev\sdk\main\s3e\edk\lib\android\libedk.a(IwDebug.o)
 .ARM.exidx.text.IwDebugAssertSetUID
                0x00000000        0x8 C:\dev\sdk\main\s3e\edk\lib\android\libedk.a(IwDebug.o)
 .ARM.extab.text._GLOBAL__I_g_DebugGlobals
                0x00000000        0x0 C:\dev\sdk\main\s3e\edk\lib\android\libedk.a(IwDebug.o)
 .text.IwDebugClearConfigCache
                0x00000000       0x80 C:\dev\sdk\main\s3e\edk\lib\android\libedk.a(IwDebug.o)
 .ARM.extab.text.IwDebugClearConfigCache
                0x00000000        0x0 C:\dev\sdk\main\s3e\edk\lib\android\libedk.a(IwDebug.o)
 .ARM.exidx.text.IwDebugClearConfigCache
                0x00000000        0x8 C:\dev\sdk\main\s3e\edk\lib\android\libedk.a(IwDebug.o)
 .text.IwDebugErrorShow
                0x00000000       0xdc C:\dev\sdk\main\s3e\edk\lib\android\libedk.a(IwDebug.o)
 .ARM.extab.text.IwDebugErrorShow
                0x00000000        0xc C:\dev\sdk\main\s3e\edk\lib\android\libedk.a(IwDebug.o)
 .ARM.exidx.text.IwDebugErrorShow
                0x00000000        0x8 C:\dev\sdk\main\s3e\edk\lib\android\libedk.a(IwDebug.o)
 .ARM.extab.text.IwDebugTraceIsChannelOn
                0x00000000        0x0 C:\dev\sdk\main\s3e\edk\lib\android\libedk.a(IwDebug.o)
 .text.IwDebugAssertIsChannelOn
                0x00000000      0x1d0 C:\dev\sdk\main\s3e\edk\lib\android\libedk.a(IwDebug.o)
 .ARM.extab.text.IwDebugAssertIsChannelOn
                0x00000000        0x0 C:\dev\sdk\main\s3e\edk\lib\android\libedk.a(IwDebug.o)
 .ARM.exidx.text.IwDebugAssertIsChannelOn
                0x00000000        0x8 C:\dev\sdk\main\s3e\edk\lib\android\libedk.a(IwDebug.o)
 .text.IwDebugTraceDisable
                0x00000000       0x1c C:\dev\sdk\main\s3e\edk\lib\android\libedk.a(IwDebug.o)
 .ARM.extab.text.IwDebugTraceDisable
                0x00000000        0xc C:\dev\sdk\main\s3e\edk\lib\android\libedk.a(IwDebug.o)
 .ARM.exidx.text.IwDebugTraceDisable
                0x00000000        0x8 C:\dev\sdk\main\s3e\edk\lib\android\libedk.a(IwDebug.o)
 .text.IwDebugAssertSetMessage
                0x00000000       0xe4 C:\dev\sdk\main\s3e\edk\lib\android\libedk.a(IwDebug.o)
 .ARM.extab.text.IwDebugAssertSetMessage
                0x00000000        0xc C:\dev\sdk\main\s3e\edk\lib\android\libedk.a(IwDebug.o)
 .ARM.exidx.text.IwDebugAssertSetMessage
                0x00000000        0x8 C:\dev\sdk\main\s3e\edk\lib\android\libedk.a(IwDebug.o)
 .text.IwDebugAssertSetSolution
                0x00000000       0x90 C:\dev\sdk\main\s3e\edk\lib\android\libedk.a(IwDebug.o)
 .ARM.extab.text.IwDebugAssertSetSolution
                0x00000000        0xc C:\dev\sdk\main\s3e\edk\lib\android\libedk.a(IwDebug.o)
 .ARM.exidx.text.IwDebugAssertSetSolution
                0x00000000        0x8 C:\dev\sdk\main\s3e\edk\lib\android\libedk.a(IwDebug.o)
 .text.IwDebugAssertShow
                0x00000000      0x2e8 C:\dev\sdk\main\s3e\edk\lib\android\libedk.a(IwDebug.o)
 .ARM.extab.text.IwDebugAssertShow
                0x00000000        0x0 C:\dev\sdk\main\s3e\edk\lib\android\libedk.a(IwDebug.o)
 .ARM.exidx.text.IwDebugAssertShow
                0x00000000        0x8 C:\dev\sdk\main\s3e\edk\lib\android\libedk.a(IwDebug.o)
 .text.IwDebugTraceChannelSwitch
                0x00000000      0x458 C:\dev\sdk\main\s3e\edk\lib\android\libedk.a(IwDebug.o)
 .ARM.extab.text.IwDebugTraceChannelSwitch
                0x00000000        0x0 C:\dev\sdk\main\s3e\edk\lib\android\libedk.a(IwDebug.o)
 .ARM.exidx.text.IwDebugTraceChannelSwitch
                0x00000000        0x8 C:\dev\sdk\main\s3e\edk\lib\android\libedk.a(IwDebug.o)
 .note.GNU-stack
                0x00000000        0x0 C:\dev\sdk\main\s3e\edk\lib\android\libedk.a(IwDebug.o)
 .text          0x00000000        0x0 C:\dev\sdk\main\s3e\edk\lib\android\libedk.a(edk_helpers.o)
 .data          0x00000000        0x0 C:\dev\sdk\main\s3e\edk\lib\android\libedk.a(edk_helpers.o)
 .bss           0x00000000        0x0 C:\dev\sdk\main\s3e\edk\lib\android\libedk.a(edk_helpers.o)
 .text.s3eEdkThreadRunOnOSAsync
                0x00000000       0x30 C:\dev\sdk\main\s3e\edk\lib\android\libedk.a(edk_helpers.o)
 .ARM.extab.text.s3eEdkThreadRunOnOSAsync
                0x00000000        0xc C:\dev\sdk\main\s3e\edk\lib\android\libedk.a(edk_helpers.o)
 .ARM.exidx.text.s3eEdkThreadRunOnOSAsync
                0x00000000        0x8 C:\dev\sdk\main\s3e\edk\lib\android\libedk.a(edk_helpers.o)
 .text.s3eEdkErrorSetString
                0x00000000       0x30 C:\dev\sdk\main\s3e\edk\lib\android\libedk.a(edk_helpers.o)
 .ARM.extab.text.s3eEdkErrorSetString
                0x00000000        0xc C:\dev\sdk\main\s3e\edk\lib\android\libedk.a(edk_helpers.o)
 .ARM.exidx.text.s3eEdkErrorSetString
                0x00000000        0x8 C:\dev\sdk\main\s3e\edk\lib\android\libedk.a(edk_helpers.o)
 .note.GNU-stack
                0x00000000        0x0 C:\dev\sdk\main\s3e\edk\lib\android\libedk.a(edk_helpers.o)

Memory Configuration

Name             Origin             Length             Attributes
*default*        0x00000000         0xffffffff

Linker script and memory map

LOAD debug\s3eFlurry_platform.os
LOAD debug\s3eFlurry.os
LOAD debug\s3eFlurry_register.os
LOAD C:\dev\sdk\main\s3e\edk\lib\android\libedk.a
LOAD C:\dev\sdk\main\s3e\edk\lib\android/libplaceholderplaceholderplaceholderplaceholderplaceholder.so
LOAD C:\dev\sdk\main\platform_libs\android\arch-arm\usr\lib/libc.so
LOAD C:\dev\sdk\main\platform_libs\android\arch-arm\usr\lib/libm.so
LOAD C:\dev\sdk\main\platform_libs\android\arch-arm\usr\lib/liblog.so
LOAD C:\dev\sdk\main\platform_libs\android\gnu-libstdc++\libs\armeabi\libstdc++.a
LOAD c:/marmalade/archives/arm-2010q1-202-arm-none-linux-gnueabi-i686-mingw32-tar-bz2/bin/../lib/gcc/arm-none-linux-gnueabi/4.4.1\libgcc.a
                0x000000d4                . = (0x0 + SIZEOF_HEADERS)

.note.gnu.build-id
 *(.note.gnu.build-id)

.hash           0x000000d4       0xe8
 *(.hash)
 .hash          0x000000d4       0xe8 debug\s3eFlurry_platform.os

.gnu.hash
 *(.gnu.hash)

.dynsym         0x000001bc      0x270
 *(.dynsym)
 .dynsym        0x000001bc      0x270 debug\s3eFlurry_platform.os

.dynstr         0x0000042c      0x212
 *(.dynstr)
 .dynstr        0x0000042c      0x212 debug\s3eFlurry_platform.os

.gnu.version    0x0000063e        0x0
 *(.gnu.version)
 .gnu.version   0x00000000        0x0 debug\s3eFlurry_platform.os

.gnu.version_d  0x00000640        0x0 load address 0x0000063e
 *(.gnu.version_d)
 .gnu.version_d
                0x00000000        0x0 debug\s3eFlurry_platform.os

.gnu.version_r  0x00000640        0x0 load address 0x0000063e
 *(.gnu.version_r)
 .gnu.version_r
                0x00000000        0x0 debug\s3eFlurry_platform.os

.rel.dyn        0x00000640      0x450
 *(.rel.init)
 *(.rel.text .rel.text.* .rel.gnu.linkonce.t.*)
 .rel.text._ZL22s3eEdkAndroidFindClassPKc
                0x00000640        0x8 debug\s3eFlurry_platform.os
 .rel.text._Z22s3eFlurryInit_platformv
                0x00000648      0x140 debug\s3eFlurry_platform.os
 .rel.text._Z23s3eFlurryStart_platformPKc
                0x00000788       0x10 debug\s3eFlurry_platform.os
 .rel.text._Z26s3eFlurryLogEvent_platformPKch
                0x00000798       0x10 debug\s3eFlurry_platform.os
 .rel.text._Z31s3eFlurryEndTimedEvent_platformPKc
                0x000007a8       0x10 debug\s3eFlurry_platform.os
 .rel.text._Z26s3eFlurryLogError_platformPKcS0_
                0x000007b8       0x10 debug\s3eFlurry_platform.os
 .rel.text._Z27s3eFlurrySetUserID_platformPKc
                0x000007c8       0x10 debug\s3eFlurry_platform.os
 .rel.text._Z28s3eFlurrySetUserAge_platformh
                0x000007d8       0x10 debug\s3eFlurry_platform.os
 .rel.text._Z31s3eFlurrySetUserGender_platform19s3eFlurryUserGender
                0x000007e8       0x10 debug\s3eFlurry_platform.os
 .rel.text._Z29s3eFlurrySetLocation_platformP11s3eLocation
                0x000007f8       0x10 debug\s3eFlurry_platform.os
 .rel.text._Z41s3eFlurrySetSessionReportOnClose_platformh
                0x00000808       0x10 debug\s3eFlurry_platform.os
 .rel.text._Z41s3eFlurrySetSessionReportOnPause_platformh
                0x00000818       0x10 debug\s3eFlurry_platform.os
 .rel.text._Z33s3eFlurryAppCircleEnable_platformv
                0x00000828       0x10 debug\s3eFlurry_platform.os
 .rel.text._Z32s3eFlurrySetDefaultText_platformPKc
                0x00000838       0x10 debug\s3eFlurry_platform.os
 .rel.text._Z30s3eFlurryShowAdBanner_platformh
                0x00000848       0x10 debug\s3eFlurry_platform.os
 .rel.text._Z31s3eFlurryShowOfferWall_platformv
                0x00000858       0x10 debug\s3eFlurry_platform.os
 .rel.text._ZL19s3eFlurryStart_wrapPKc
                0x00000868       0x18 debug\s3eFlurry_platform.os
 .rel.text._ZL22s3eFlurryLogEvent_wrapPKch
                0x00000880       0x18 debug\s3eFlurry_platform.os
 .rel.text._ZL27s3eFlurryEndTimedEvent_wrapPKc
                0x00000898       0x18 debug\s3eFlurry_platform.os
 .rel.text._ZL22s3eFlurryLogError_wrapPKcS0_
                0x000008b0       0x18 debug\s3eFlurry_platform.os
 .rel.text._ZL23s3eFlurrySetUserID_wrapPKc
                0x000008c8       0x18 debug\s3eFlurry_platform.os
 .rel.text._ZL24s3eFlurrySetUserAge_wraph
                0x000008e0       0x18 debug\s3eFlurry_platform.os
 .rel.text._ZL27s3eFlurrySetUserGender_wrap19s3eFlurryUserGender
                0x000008f8       0x18 debug\s3eFlurry_platform.os
 .rel.text._ZL25s3eFlurrySetLocation_wrapP11s3eLocation
                0x00000910       0x18 debug\s3eFlurry_platform.os
 .rel.text._ZL37s3eFlurrySetSessionReportOnClose_wraph
                0x00000928       0x18 debug\s3eFlurry_platform.os
 .rel.text._ZL37s3eFlurrySetSessionReportOnPause_wraph
                0x00000940       0x18 debug\s3eFlurry_platform.os
 .rel.text._ZL29s3eFlurryAppCircleEnable_wrapv
                0x00000958       0x18 debug\s3eFlurry_platform.os
 .rel.text._ZL28s3eFlurrySetDefaultText_wrapPKc
                0x00000970       0x18 debug\s3eFlurry_platform.os
 .rel.text._ZL26s3eFlurryShowAdBanner_wraph
                0x00000988       0x18 debug\s3eFlurry_platform.os
 .rel.text._ZL27s3eFlurryShowOfferWall_wrapv
                0x000009a0       0x18 debug\s3eFlurry_platform.os
 .rel.text._Z20s3eFlurryRegisterExtv
                0x000009b8       0x88 debug\s3eFlurry_platform.os
 .rel.text.IwAssertRegisterTextCallback
                0x00000000        0x0 debug\s3eFlurry_platform.os
 .rel.text.IwAssertRegisterCallback
                0x00000000        0x0 debug\s3eFlurry_platform.os
 .rel.text.IwDebugTraceSetTraceChannel
                0x00000a40        0x8 debug\s3eFlurry_platform.os
 .rel.text.IwDebugErrorRegisterCallback
                0x00000000        0x0 debug\s3eFlurry_platform.os
 .rel.text.IwDebugAssertSetUID
                0x00000000        0x0 debug\s3eFlurry_platform.os
 .rel.text._GLOBAL__I_g_DebugGlobals
                0x00000a48        0x8 debug\s3eFlurry_platform.os
 .rel.text.IwDebugClearConfigCache
                0x00000000        0x0 debug\s3eFlurry_platform.os
 .rel.text.IwDebugErrorShow
                0x00000000        0x0 debug\s3eFlurry_platform.os
 .rel.text.IwDebugTraceLineVPrintf
                0x00000a50       0x20 debug\s3eFlurry_platform.os
 .rel.text.IwDebugTraceIsChannelOn
                0x00000a70       0x18 debug\s3eFlurry_platform.os
 .rel.text.IwDebugAssertIsChannelOn
                0x00000000        0x0 debug\s3eFlurry_platform.os
 .rel.text.IwDebugAssertSetMessage
                0x00000000        0x0 debug\s3eFlurry_platform.os
 .rel.text.IwDebugAssertSetSolution
                0x00000000        0x0 debug\s3eFlurry_platform.os
 .rel.text.IwDebugAssertShow
                0x00000000        0x0 debug\s3eFlurry_platform.os
 .rel.text.IwDebugTraceChannelSwitch
                0x00000000        0x0 debug\s3eFlurry_platform.os
 *(.rel.fini)
 *(.rel.rodata .rel.rodata.* .rel.gnu.linkonce.r.*)
 *(.rel.data.rel.ro* .rel.gnu.linkonce.d.rel.ro.*)
 *(.rel.data .rel.data.* .rel.gnu.linkonce.d.*)
 *(.rel.tdata .rel.tdata.* .rel.gnu.linkonce.td.*)
 *(.rel.tbss .rel.tbss.* .rel.gnu.linkonce.tb.*)
 *(.rel.ctors)
 *(.rel.dtors)
 *(.rel.got)
 .rel.got       0x00000000        0x0 debug\s3eFlurry_platform.os
 *(.rel.bss .rel.bss.* .rel.gnu.linkonce.b.*)
 *(.rel.ifunc)
 .rel.init_array
                0x00000a88        0x8 debug\s3eFlurry_platform.os

.rela.dyn
 *(.rela.init)
 *(.rela.text .rela.text.* .rela.gnu.linkonce.t.*)
 *(.rela.fini)
 *(.rela.rodata .rela.rodata.* .rela.gnu.linkonce.r.*)
 *(.rela.data .rela.data.* .rela.gnu.linkonce.d.*)
 *(.rela.tdata .rela.tdata.* .rela.gnu.linkonce.td.*)
 *(.rela.tbss .rela.tbss.* .rela.gnu.linkonce.tb.*)
 *(.rela.ctors)
 *(.rela.dtors)
 *(.rela.got)
 *(.rela.bss .rela.bss.* .rela.gnu.linkonce.b.*)
 *(.rela.ifunc)

.rel.plt        0x00000a90       0x70
 *(.rel.plt)
 .rel.plt       0x00000a90       0x70 debug\s3eFlurry_platform.os
 *(.rel.iplt)

.rela.plt
 *(.rela.plt)
 *(.rela.iplt)

.init
 *(.init)

.plt            0x00000b00       0xbc
 *(.plt)
 .plt           0x00000b00       0xbc debug\s3eFlurry_platform.os
 *(.iplt)

.text           0x00000bc0     0x1d30
 *(.text .stub .text.* .gnu.linkonce.t.*)
 .text._ZN7_JNIEnv9FindClassEPKc
                0x00000bc0       0x40 debug\s3eFlurry_platform.os
                0x00000bc0                _JNIEnv::FindClass(char const*)
 .text._ZN7_JNIEnv17ExceptionOccurredEv
                0x00000c00       0x38 debug\s3eFlurry_platform.os
                0x00000c00                _JNIEnv::ExceptionOccurred()
 .text._ZN7_JNIEnv17ExceptionDescribeEv
                0x00000c38       0x30 debug\s3eFlurry_platform.os
                0x00000c38                _JNIEnv::ExceptionDescribe()
 .text._ZN7_JNIEnv14ExceptionClearEv
                0x00000c68       0x30 debug\s3eFlurry_platform.os
                0x00000c68                _JNIEnv::ExceptionClear()
 .text._ZN7_JNIEnv12NewGlobalRefEP8_jobject
                0x00000c98       0x40 debug\s3eFlurry_platform.os
                0x00000c98                _JNIEnv::NewGlobalRef(_jobject*)
 .text._ZN7_JNIEnv14DeleteLocalRefEP8_jobject
                0x00000cd8       0x38 debug\s3eFlurry_platform.os
                0x00000cd8                _JNIEnv::DeleteLocalRef(_jobject*)
 .text._ZN7_JNIEnv9NewObjectEP7_jclassP10_jmethodIDz
                0x00000d10       0x60 debug\s3eFlurry_platform.os
                0x00000d10                _JNIEnv::NewObject(_jclass*, _jmethodID*, ...)
 .text._ZN7_JNIEnv11GetMethodIDEP7_jclassPKcS3_
                0x00000d70       0x50 debug\s3eFlurry_platform.os
                0x00000d70                _JNIEnv::GetMethodID(_jclass*, char const*, char const*)
 .text._ZN7_JNIEnv14CallVoidMethodEP8_jobjectP10_jmethodIDz
                0x00000dc0       0x50 debug\s3eFlurry_platform.os
                0x00000dc0                _JNIEnv::CallVoidMethod(_jobject*, _jmethodID*, ...)
 .text._ZN7_JNIEnv12NewStringUTFEPKc
                0x00000e10       0x40 debug\s3eFlurry_platform.os
                0x00000e10                _JNIEnv::NewStringUTF(char const*)
 .text._ZN7_JavaVM6GetEnvEPPvi
                0x00000e50       0x48 debug\s3eFlurry_platform.os
                0x00000e50                _JavaVM::GetEnv(void**, int)
 .text._ZL15s3eEdkJNIGetEnvv
                0x00000e98       0x48 debug\s3eFlurry_platform.os
 .text._ZL27s3eEdkAndroidFindClass_realPKc
                0x00000ee0       0x7c debug\s3eFlurry_platform.os
 .text._ZL22s3eEdkAndroidFindClassPKc
                0x00000f5c       0x38 debug\s3eFlurry_platform.os
 .text._Z22s3eFlurryInit_platformv
                0x00000f94      0x53c debug\s3eFlurry_platform.os
                0x00000f94                s3eFlurryInit_platform()
 .text._Z27s3eFlurryTerminate_platformv
                0x000014d0        0x4 debug\s3eFlurry_platform.os
                0x000014d0                s3eFlurryTerminate_platform()
 .text._Z23s3eFlurryStart_platformPKc
                0x000014d4       0x64 debug\s3eFlurry_platform.os
                0x000014d4                s3eFlurryStart_platform(char const*)
 .text._Z26s3eFlurryLogEvent_platformPKch
                0x00001538       0x6c debug\s3eFlurry_platform.os
                0x00001538                s3eFlurryLogEvent_platform(char const*, unsigned char)
 .text._Z31s3eFlurryEndTimedEvent_platformPKc
                0x000015a4       0x64 debug\s3eFlurry_platform.os
                0x000015a4                s3eFlurryEndTimedEvent_platform(char const*)
 .text._Z26s3eFlurryLogError_platformPKcS0_
                0x00001608       0x84 debug\s3eFlurry_platform.os
                0x00001608                s3eFlurryLogError_platform(char const*, char const*)
 .text._Z27s3eFlurrySetUserID_platformPKc
                0x0000168c       0x64 debug\s3eFlurry_platform.os
                0x0000168c                s3eFlurrySetUserID_platform(char const*)
 .text._Z28s3eFlurrySetUserAge_platformh
                0x000016f0       0x50 debug\s3eFlurry_platform.os
                0x000016f0                s3eFlurrySetUserAge_platform(unsigned char)
 .text._Z31s3eFlurrySetUserGender_platform19s3eFlurryUserGender
                0x00001740       0x90 debug\s3eFlurry_platform.os
                0x00001740                s3eFlurrySetUserGender_platform(s3eFlurryUserGender)
 .text._Z29s3eFlurrySetLocation_platformP11s3eLocation
                0x000017d0       0x4c debug\s3eFlurry_platform.os
                0x000017d0                s3eFlurrySetLocation_platform(s3eLocation*)
 .text._Z41s3eFlurrySetSessionReportOnClose_platformh
                0x0000181c       0x50 debug\s3eFlurry_platform.os
                0x0000181c                s3eFlurrySetSessionReportOnClose_platform(unsigned char)
 .text._Z41s3eFlurrySetSessionReportOnPause_platformh
                0x0000186c       0x50 debug\s3eFlurry_platform.os
                0x0000186c                s3eFlurrySetSessionReportOnPause_platform(unsigned char)
 .text._Z33s3eFlurryAppCircleEnable_platformv
                0x000018bc       0x48 debug\s3eFlurry_platform.os
                0x000018bc                s3eFlurryAppCircleEnable_platform()
 .text._Z32s3eFlurrySetDefaultText_platformPKc
                0x00001904       0x64 debug\s3eFlurry_platform.os
                0x00001904                s3eFlurrySetDefaultText_platform(char const*)
 .text._Z30s3eFlurryShowAdBanner_platformh
                0x00001968       0x90 debug\s3eFlurry_platform.os
                0x00001968                s3eFlurryShowAdBanner_platform(unsigned char)
 .text._Z31s3eFlurryShowOfferWall_platformv
                0x000019f8       0x48 debug\s3eFlurry_platform.os
                0x000019f8                s3eFlurryShowOfferWall_platform()
 .text._Z13s3eFlurryInitv
                0x00001a40       0x18 debug\s3eFlurry.os
                0x00001a40                s3eFlurryInit()
 .text._Z18s3eFlurryTerminatev
                0x00001a58       0x10 debug\s3eFlurry.os
                0x00001a58                s3eFlurryTerminate()
 .text.s3eFlurryStart
                0x00001a68       0x20 debug\s3eFlurry.os
                0x00001a68                s3eFlurryStart
 .text.s3eFlurryLogEvent
                0x00001a88       0x30 debug\s3eFlurry.os
                0x00001a88                s3eFlurryLogEvent
 .text.s3eFlurryEndTimedEvent
                0x00001ab8       0x20 debug\s3eFlurry.os
                0x00001ab8                s3eFlurryEndTimedEvent
 .text.s3eFlurryLogError
                0x00001ad8       0x28 debug\s3eFlurry.os
                0x00001ad8                s3eFlurryLogError
 .text.s3eFlurrySetUserID
                0x00001b00       0x20 debug\s3eFlurry.os
                0x00001b00                s3eFlurrySetUserID
 .text.s3eFlurrySetUserAge
                0x00001b20       0x28 debug\s3eFlurry.os
                0x00001b20                s3eFlurrySetUserAge
 .text.s3eFlurrySetUserGender
                0x00001b48       0x20 debug\s3eFlurry.os
                0x00001b48                s3eFlurrySetUserGender
 .text.s3eFlurrySetLocation
                0x00001b68       0x20 debug\s3eFlurry.os
                0x00001b68                s3eFlurrySetLocation
 .text.s3eFlurrySetSessionReportOnClose
                0x00001b88       0x28 debug\s3eFlurry.os
                0x00001b88                s3eFlurrySetSessionReportOnClose
 .text.s3eFlurrySetSessionReportOnPause
                0x00001bb0       0x28 debug\s3eFlurry.os
                0x00001bb0                s3eFlurrySetSessionReportOnPause
 .text.s3eFlurryAppCircleEnable
                0x00001bd8       0x10 debug\s3eFlurry.os
                0x00001bd8                s3eFlurryAppCircleEnable
 .text.s3eFlurrySetDefaultText
                0x00001be8       0x20 debug\s3eFlurry.os
                0x00001be8                s3eFlurrySetDefaultText
 .text.s3eFlurryShowAdBanner
                0x00001c08       0x28 debug\s3eFlurry.os
                0x00001c08                s3eFlurryShowAdBanner
 .text.s3eFlurryShowOfferWall
                0x00001c30       0x10 debug\s3eFlurry.os
                0x00001c30                s3eFlurryShowOfferWall
 .text._ZL19s3eFlurryStart_wrapPKc
                0x00001c40       0x70 debug\s3eFlurry_register.os
 .text._ZL22s3eFlurryLogEvent_wrapPKch
                0x00001cb0       0x7c debug\s3eFlurry_register.os
 .text._ZL27s3eFlurryEndTimedEvent_wrapPKc
                0x00001d2c       0x70 debug\s3eFlurry_register.os
 .text._ZL22s3eFlurryLogError_wrapPKcS0_
                0x00001d9c       0x78 debug\s3eFlurry_register.os
 .text._ZL23s3eFlurrySetUserID_wrapPKc
                0x00001e14       0x70 debug\s3eFlurry_register.os
 .text._ZL24s3eFlurrySetUserAge_wraph
                0x00001e84       0x78 debug\s3eFlurry_register.os
 .text._ZL27s3eFlurrySetUserGender_wrap19s3eFlurryUserGender
                0x00001efc       0x74 debug\s3eFlurry_register.os
 .text._ZL25s3eFlurrySetLocation_wrapP11s3eLocation
                0x00001f70       0x70 debug\s3eFlurry_register.os
 .text._ZL37s3eFlurrySetSessionReportOnClose_wraph
                0x00001fe0       0x78 debug\s3eFlurry_register.os
 .text._ZL37s3eFlurrySetSessionReportOnPause_wraph
                0x00002058       0x78 debug\s3eFlurry_register.os
 .text._ZL29s3eFlurryAppCircleEnable_wrapv
                0x000020d0       0x60 debug\s3eFlurry_register.os
 .text._ZL28s3eFlurrySetDefaultText_wrapPKc
                0x00002130       0x70 debug\s3eFlurry_register.os
 .text._ZL26s3eFlurryShowAdBanner_wraph
                0x000021a0       0x78 debug\s3eFlurry_register.os
 .text._ZL27s3eFlurryShowOfferWall_wrapv
                0x00002218       0x60 debug\s3eFlurry_register.os
 .text._Z20s3eFlurryRegisterExtv
                0x00002278      0x1a4 debug\s3eFlurry_register.os
                0x00002278                s3eFlurryRegisterExt()
 .text.RegisterExt
                0x0000241c       0x10 debug\s3eFlurry_register.os
                0x0000241c                RegisterExt
 .text.IwDebugTraceSetTraceChannel
                0x0000242c       0x18 C:\dev\sdk\main\s3e\edk\lib\android\libedk.a(IwDebug.o)
                0x0000242c                IwDebugTraceSetTraceChannel
 .text._GLOBAL__I_g_DebugGlobals
                0x00002444       0x8c C:\dev\sdk\main\s3e\edk\lib\android\libedk.a(IwDebug.o)
 .text.IwDebugTraceLineVPrintf
                0x000024d0       0xe8 C:\dev\sdk\main\s3e\edk\lib\android\libedk.a(IwDebug.o)
                0x000024d0                IwDebugTraceLineVPrintf
 .text.IwDebugTraceLinePrintf
                0x000025b8       0x30 C:\dev\sdk\main\s3e\edk\lib\android\libedk.a(IwDebug.o)
                0x000025b8                IwDebugTraceLinePrintf
 .text.IwDebugTraceIsChannelOn
                0x000025e8      0x278 C:\dev\sdk\main\s3e\edk\lib\android\libedk.a(IwDebug.o)
                0x000025e8                IwDebugTraceIsChannelOn
 .text.s3eEdkThreadRunOnOS
                0x00002860       0x30 C:\dev\sdk\main\s3e\edk\lib\android\libedk.a(edk_helpers.o)
                0x00002860                s3eEdkThreadRunOnOS
 .text.s3eEdkThreadRunOnOS.stub
                0x00002890       0x60 linker stubs
 *(.gnu.warning)
 *(.glue_7t)
 .glue_7t       0x00000000        0x0 linker stubs
 *(.glue_7)
 .glue_7        0x00000000        0x0 linker stubs
 *(.vfp11_veneer)
 .vfp11_veneer  0x00000000        0x0 linker stubs
 *(.v4_bx)
 .v4_bx         0x00000000        0x0 linker stubs

.fini
 *(.fini)
                0x000028f0                PROVIDE (__etext, .)
                0x000028f0                PROVIDE (_etext, .)
                0x000028f0                PROVIDE (etext, .)

.rodata         0x000028f0      0x6c8
 *(.rodata .rodata.* .gnu.linkonce.r.*)
 .rodata        0x000028f0      0x21c debug\s3eFlurry_platform.os
 .rodata        0x00002b0c      0x390 debug\s3eFlurry_register.os
 .rodata.str1.4
                0x00002e9c      0x11c C:\dev\sdk\main\s3e\edk\lib\android\libedk.a(IwDebug.o)
                                0x120 (size before relaxing)

.rodata1
 *(.rodata1)

.ARM.extab      0x00002fb8       0x90
 *(.ARM.extab* .gnu.linkonce.armextab.*)
 .ARM.extab.text._ZN7_JNIEnv9FindClassEPKc
                0x00002fb8        0x0 debug\s3eFlurry_platform.os
 .ARM.extab.text._ZN7_JNIEnv17ExceptionOccurredEv
                0x00002fb8        0x0 debug\s3eFlurry_platform.os
 .ARM.extab.text._ZN7_JNIEnv17ExceptionDescribeEv
                0x00002fb8        0x0 debug\s3eFlurry_platform.os
 .ARM.extab.text._ZN7_JNIEnv14ExceptionClearEv
                0x00002fb8        0x0 debug\s3eFlurry_platform.os
 .ARM.extab.text._ZN7_JNIEnv12NewGlobalRefEP8_jobject
                0x00002fb8        0x0 debug\s3eFlurry_platform.os
 .ARM.extab.text._ZN7_JNIEnv14DeleteLocalRefEP8_jobject
                0x00002fb8        0x0 debug\s3eFlurry_platform.os
 .ARM.extab.text._ZN7_JNIEnv9NewObjectEP7_jclassP10_jmethodIDz
                0x00002fb8        0xc debug\s3eFlurry_platform.os
 .ARM.extab.text._ZN7_JNIEnv11GetMethodIDEP7_jclassPKcS3_
                0x00002fc4        0x0 debug\s3eFlurry_platform.os
 .ARM.extab.text._ZN7_JNIEnv14CallVoidMethodEP8_jobjectP10_jmethodIDz
                0x00002fc4        0xc debug\s3eFlurry_platform.os
 .ARM.extab.text._ZN7_JNIEnv12NewStringUTFEPKc
                0x00002fd0        0x0 debug\s3eFlurry_platform.os
 .ARM.extab.text._ZN7_JavaVM6GetEnvEPPvi
                0x00002fd0        0x0 debug\s3eFlurry_platform.os
 .ARM.extab.text._Z13s3eFlurryInitv
                0x00002fd0        0xc debug\s3eFlurry.os
 .ARM.extab.text._Z18s3eFlurryTerminatev
                0x00002fdc        0xc debug\s3eFlurry.os
 .ARM.extab.text.s3eFlurryAppCircleEnable
                0x00002fe8        0xc debug\s3eFlurry.os
 .ARM.extab.text.s3eFlurryShowOfferWall
                0x00002ff4        0xc debug\s3eFlurry.os
 .ARM.extab.text._ZL29s3eFlurryAppCircleEnable_wrapv
                0x00003000        0xc debug\s3eFlurry_register.os
 .ARM.extab.text._ZL27s3eFlurryShowOfferWall_wrapv
                0x0000300c        0xc debug\s3eFlurry_register.os
 .ARM.extab.text.RegisterExt
                0x00003018        0xc debug\s3eFlurry_register.os
 .ARM.extab.text.IwDebugTraceLineVPrintf
                0x00003024        0xc C:\dev\sdk\main\s3e\edk\lib\android\libedk.a(IwDebug.o)
 .ARM.extab.text.IwDebugTraceLinePrintf
                0x00003030        0xc C:\dev\sdk\main\s3e\edk\lib\android\libedk.a(IwDebug.o)
 .ARM.extab.text.s3eEdkThreadRunOnOS
                0x0000303c        0xc C:\dev\sdk\main\s3e\edk\lib\android\libedk.a(edk_helpers.o)
                0x00003048                PROVIDE (__exidx_start, .)

.ARM.exidx      0x00003048      0x120
 *(.ARM.exidx* .gnu.linkonce.armexidx.*)
 .ARM.exidx.text._ZN7_JNIEnv9FindClassEPKc
                0x00003048        0x8 debug\s3eFlurry_platform.os
 .ARM.exidx.text._ZN7_JNIEnv17ExceptionOccurredEv
                0x00003050        0x0 debug\s3eFlurry_platform.os
                                  0x8 (size before relaxing)
 .ARM.exidx.text._ZN7_JNIEnv17ExceptionDescribeEv
                0x00003050        0x0 debug\s3eFlurry_platform.os
                                  0x8 (size before relaxing)
 .ARM.exidx.text._ZN7_JNIEnv14ExceptionClearEv
                0x00003050        0x0 debug\s3eFlurry_platform.os
                                  0x8 (size before relaxing)
 .ARM.exidx.text._ZN7_JNIEnv12NewGlobalRefEP8_jobject
                0x00003050        0x0 debug\s3eFlurry_platform.os
                                  0x8 (size before relaxing)
 .ARM.exidx.text._ZN7_JNIEnv14DeleteLocalRefEP8_jobject
                0x00003050        0x0 debug\s3eFlurry_platform.os
                                  0x8 (size before relaxing)
 .ARM.exidx.text._ZN7_JNIEnv9NewObjectEP7_jclassP10_jmethodIDz
                0x00003050        0x8 debug\s3eFlurry_platform.os
 .ARM.exidx.text._ZN7_JNIEnv11GetMethodIDEP7_jclassPKcS3_
                0x00003058        0x8 debug\s3eFlurry_platform.os
 .ARM.exidx.text._ZN7_JNIEnv14CallVoidMethodEP8_jobjectP10_jmethodIDz
                0x00003060        0x8 debug\s3eFlurry_platform.os
 .ARM.exidx.text._ZN7_JNIEnv12NewStringUTFEPKc
                0x00003068        0x8 debug\s3eFlurry_platform.os
 .ARM.exidx.text._ZN7_JavaVM6GetEnvEPPvi
                0x00003070        0x8 debug\s3eFlurry_platform.os
 .ARM.exidx.text._ZL15s3eEdkJNIGetEnvv
                0x00003078        0x8 debug\s3eFlurry_platform.os
 .ARM.exidx.text._ZL27s3eEdkAndroidFindClass_realPKc
                0x00003080        0x8 debug\s3eFlurry_platform.os
 .ARM.exidx.text._ZL22s3eEdkAndroidFindClassPKc
                0x00003088        0x8 debug\s3eFlurry_platform.os
 .ARM.exidx.text._Z22s3eFlurryInit_platformv
                0x00003090        0x8 debug\s3eFlurry_platform.os
 .ARM.exidx.text._Z27s3eFlurryTerminate_platformv
                0x00003098        0x8 debug\s3eFlurry_platform.os
 .ARM.exidx.text._Z23s3eFlurryStart_platformPKc
                0x000030a0        0x8 debug\s3eFlurry_platform.os
 .ARM.exidx.text._Z26s3eFlurryLogEvent_platformPKch
                0x000030a8        0x0 debug\s3eFlurry_platform.os
                                  0x8 (size before relaxing)
 .ARM.exidx.text._Z31s3eFlurryEndTimedEvent_platformPKc
                0x000030a8        0x0 debug\s3eFlurry_platform.os
                                  0x8 (size before relaxing)
 .ARM.exidx.text._Z26s3eFlurryLogError_platformPKcS0_
                0x000030a8        0x8 debug\s3eFlurry_platform.os
 .ARM.exidx.text._Z27s3eFlurrySetUserID_platformPKc
                0x000030b0        0x8 debug\s3eFlurry_platform.os
 .ARM.exidx.text._Z28s3eFlurrySetUserAge_platformh
                0x000030b8        0x0 debug\s3eFlurry_platform.os
                                  0x8 (size before relaxing)
 .ARM.exidx.text._Z31s3eFlurrySetUserGender_platform19s3eFlurryUserGender
                0x000030b8        0x0 debug\s3eFlurry_platform.os
                                  0x8 (size before relaxing)
 .ARM.exidx.text._Z29s3eFlurrySetLocation_platformP11s3eLocation
                0x000030b8        0x0 debug\s3eFlurry_platform.os
                                  0x8 (size before relaxing)
 .ARM.exidx.text._Z41s3eFlurrySetSessionReportOnClose_platformh
                0x000030b8        0x0 debug\s3eFlurry_platform.os
                                  0x8 (size before relaxing)
 .ARM.exidx.text._Z41s3eFlurrySetSessionReportOnPause_platformh
                0x000030b8        0x0 debug\s3eFlurry_platform.os
                                  0x8 (size before relaxing)
 .ARM.exidx.text._Z33s3eFlurryAppCircleEnable_platformv
                0x000030b8        0x8 debug\s3eFlurry_platform.os
 .ARM.exidx.text._Z32s3eFlurrySetDefaultText_platformPKc
                0x000030c0        0x8 debug\s3eFlurry_platform.os
 .ARM.exidx.text._Z30s3eFlurryShowAdBanner_platformh
                0x000030c8        0x0 debug\s3eFlurry_platform.os
                                  0x8 (size before relaxing)
 .ARM.exidx.text._Z31s3eFlurryShowOfferWall_platformv
                0x000030c8        0x8 debug\s3eFlurry_platform.os
 .ARM.exidx.text._Z13s3eFlurryInitv
                0x000030d0        0x8 debug\s3eFlurry.os
 .ARM.exidx.text._Z18s3eFlurryTerminatev
                0x000030d8        0x8 debug\s3eFlurry.os
 .ARM.exidx.text.s3eFlurryStart
                0x000030e0        0x8 debug\s3eFlurry.os
 .ARM.exidx.text.s3eFlurryLogEvent
                0x000030e8        0x0 debug\s3eFlurry.os
                                  0x8 (size before relaxing)
 .ARM.exidx.text.s3eFlurryEndTimedEvent
                0x000030e8        0x0 debug\s3eFlurry.os
                                  0x8 (size before relaxing)
 .ARM.exidx.text.s3eFlurryLogError
                0x000030e8        0x0 debug\s3eFlurry.os
                                  0x8 (size before relaxing)
 .ARM.exidx.text.s3eFlurrySetUserID
                0x000030e8        0x0 debug\s3eFlurry.os
                                  0x8 (size before relaxing)
 .ARM.exidx.text.s3eFlurrySetUserAge
                0x000030e8        0x0 debug\s3eFlurry.os
                                  0x8 (size before relaxing)
 .ARM.exidx.text.s3eFlurrySetUserGender
                0x000030e8        0x0 debug\s3eFlurry.os
                                  0x8 (size before relaxing)
 .ARM.exidx.text.s3eFlurrySetLocation
                0x000030e8        0x0 debug\s3eFlurry.os
                                  0x8 (size before relaxing)
 .ARM.exidx.text.s3eFlurrySetSessionReportOnClose
                0x000030e8        0x0 debug\s3eFlurry.os
                                  0x8 (size before relaxing)
 .ARM.exidx.text.s3eFlurrySetSessionReportOnPause
                0x000030e8        0x0 debug\s3eFlurry.os
                                  0x8 (size before relaxing)
 .ARM.exidx.text.s3eFlurryAppCircleEnable
                0x000030e8        0x8 debug\s3eFlurry.os
 .ARM.exidx.text.s3eFlurrySetDefaultText
                0x000030f0        0x8 debug\s3eFlurry.os
 .ARM.exidx.text.s3eFlurryShowAdBanner
                0x000030f8        0x0 debug\s3eFlurry.os
                                  0x8 (size before relaxing)
 .ARM.exidx.text.s3eFlurryShowOfferWall
                0x000030f8        0x8 debug\s3eFlurry.os
 .ARM.exidx.text._ZL19s3eFlurryStart_wrapPKc
                0x00003100        0x8 debug\s3eFlurry_register.os
 .ARM.exidx.text._ZL22s3eFlurryLogEvent_wrapPKch
                0x00003108        0x0 debug\s3eFlurry_register.os
                                  0x8 (size before relaxing)
 .ARM.exidx.text._ZL27s3eFlurryEndTimedEvent_wrapPKc
                0x00003108        0x0 debug\s3eFlurry_register.os
                                  0x8 (size before relaxing)
 .ARM.exidx.text._ZL22s3eFlurryLogError_wrapPKcS0_
                0x00003108        0x0 debug\s3eFlurry_register.os
                                  0x8 (size before relaxing)
 .ARM.exidx.text._ZL23s3eFlurrySetUserID_wrapPKc
                0x00003108        0x0 debug\s3eFlurry_register.os
                                  0x8 (size before relaxing)
 .ARM.exidx.text._ZL24s3eFlurrySetUserAge_wraph
                0x00003108        0x0 debug\s3eFlurry_register.os
                                  0x8 (size before relaxing)
 .ARM.exidx.text._ZL27s3eFlurrySetUserGender_wrap19s3eFlurryUserGender
                0x00003108        0x0 debug\s3eFlurry_register.os
                                  0x8 (size before relaxing)
 .ARM.exidx.text._ZL25s3eFlurrySetLocation_wrapP11s3eLocation
                0x00003108        0x0 debug\s3eFlurry_register.os
                                  0x8 (size before relaxing)
 .ARM.exidx.text._ZL37s3eFlurrySetSessionReportOnClose_wraph
                0x00003108        0x0 debug\s3eFlurry_register.os
                                  0x8 (size before relaxing)
 .ARM.exidx.text._ZL37s3eFlurrySetSessionReportOnPause_wraph
                0x00003108        0x0 debug\s3eFlurry_register.os
                                  0x8 (size before relaxing)
 .ARM.exidx.text._ZL29s3eFlurryAppCircleEnable_wrapv
                0x00003108        0x8 debug\s3eFlurry_register.os
 .ARM.exidx.text._ZL28s3eFlurrySetDefaultText_wrapPKc
                0x00003110        0x8 debug\s3eFlurry_register.os
 .ARM.exidx.text._ZL26s3eFlurryShowAdBanner_wraph
                0x00003118        0x0 debug\s3eFlurry_register.os
                                  0x8 (size before relaxing)
 .ARM.exidx.text._ZL27s3eFlurryShowOfferWall_wrapv
                0x00003118        0x8 debug\s3eFlurry_register.os
 .ARM.exidx.text._Z20s3eFlurryRegisterExtv
                0x00003120        0x8 debug\s3eFlurry_register.os
 .ARM.exidx.text.RegisterExt
                0x00003128        0x8 debug\s3eFlurry_register.os
 .ARM.exidx.text.IwDebugTraceSetTraceChannel
                0x00003130        0x8 C:\dev\sdk\main\s3e\edk\lib\android\libedk.a(IwDebug.o)
 .ARM.exidx.text._GLOBAL__I_g_DebugGlobals
                0x00003138        0x8 C:\dev\sdk\main\s3e\edk\lib\android\libedk.a(IwDebug.o)
 .ARM.exidx.text.IwDebugTraceLineVPrintf
                0x00003140        0x8 C:\dev\sdk\main\s3e\edk\lib\android\libedk.a(IwDebug.o)
 .ARM.exidx.text.IwDebugTraceLinePrintf
                0x00003148        0x8 C:\dev\sdk\main\s3e\edk\lib\android\libedk.a(IwDebug.o)
 .ARM.exidx.text.IwDebugTraceIsChannelOn
                0x00003150        0x8 C:\dev\sdk\main\s3e\edk\lib\android\libedk.a(IwDebug.o)
 .ARM.exidx.text.s3eEdkThreadRunOnOS
                0x00003158       0x10 C:\dev\sdk\main\s3e\edk\lib\android\libedk.a(edk_helpers.o)
                                  0x8 (size before relaxing)
                0x00003168                PROVIDE (__exidx_end, .)

.eh_frame_hdr
 *(.eh_frame_hdr)

.eh_frame
 *(.eh_frame)

.gcc_except_table
 *(.gcc_except_table .gcc_except_table.*)
                0x00003168                . = (ALIGN (0x8000) - ((0x8000 - .) & 0x7fff))
                0x0000b168                . = (0x8000 DATA_SEGMENT_ALIGN 0x1000)

.eh_frame
 *(.eh_frame)

.gcc_except_table
 *(.gcc_except_table .gcc_except_table.*)

.tdata
 *(.tdata .tdata.* .gnu.linkonce.td.*)

.tbss
 *(.tbss .tbss.* .gnu.linkonce.tb.*)
 *(.tcommon)

.preinit_array
 *(.preinit_array)

.init_array     0x0000b168        0x4
 *(SORT(.init_array.*))
 *(.init_array)
 .init_array    0x0000b168        0x4 C:\dev\sdk\main\s3e\edk\lib\android\libedk.a(IwDebug.o)

.fini_array
 *(SORT(.fini_array.*))
 *(.fini_array)

.ctors
 *crtbegin.o(.ctors)
 *crtbegin?.o(.ctors)
 *(EXCLUDE_FILE(*crtend?.o *crtend.o) .ctors)
 *(SORT(.ctors.*))
 *(.ctors)

.dtors
 *crtbegin.o(.dtors)
 *crtbegin?.o(.dtors)
 *(EXCLUDE_FILE(*crtend?.o *crtend.o) .dtors)
 *(SORT(.dtors.*))
 *(.dtors)

.jcr
 *(.jcr)

.data.rel.ro
 *(.data.rel.ro.local* .gnu.linkonce.d.rel.ro.local.*)
 *(.data.rel.ro* .gnu.linkonce.d.rel.ro.*)

.dynamic        0x0000b16c       0xc0
 *(.dynamic)
 .dynamic       0x0000b16c       0xc0 debug\s3eFlurry_platform.os
                0x0000b16c                _DYNAMIC
                0x0000b22c                . = (. DATA_SEGMENT_RELRO_END 0x0)

.got            0x0000b22c       0x44
 *(.got.plt)
 .got.plt       0x0000b22c       0x44 debug\s3eFlurry_platform.os
                0x0000b22c                _GLOBAL_OFFSET_TABLE_
 *(.igot.plt)
 *(.got)
 .got           0x00000000        0x0 debug\s3eFlurry_platform.os
 *(.igot)

.data           0x0000b270        0x0
                0x0000b270                __data_start = .
 *(.data .data.* .gnu.linkonce.d.*)

.data1
 *(.data1)
                0x0000b270                _edata = .
                0x0000b270                PROVIDE (edata, .)
                0x0000b270                __bss_start = .
                0x0000b270                __bss_start__ = .

.bss            0x0000b270     0x1a64
 *(.dynbss)
 .dynbss        0x00000000        0x0 debug\s3eFlurry_platform.os
 *(.bss .bss.* .gnu.linkonce.b.*)
 .bss           0x0000b270       0x3c debug\s3eFlurry_platform.os
 .bss           0x0000b2ac     0x1a28 C:\dev\sdk\main\s3e\edk\lib\android\libedk.a(IwDebug.o)
                0x0000b2ac                g_DebugGlobals
 *(COMMON)
                0x0000ccd4                . = ALIGN ((. != 0x0)?0x4:0x1)
                0x0000ccd4                _bss_end__ = .
                0x0000ccd4                __bss_end__ = .
                0x0000ccd4                . = ALIGN (0x4)
                0x0000ccd4                . = ALIGN (0x4)
                0x0000ccd4                __end__ = .
                0x0000ccd4                _end = .
                0x0000ccd4                PROVIDE (end, .)
                0x0000ccd4                . = DATA_SEGMENT_END (.)

.stab
 *(.stab)

.stabstr
 *(.stabstr)

.stab.excl
 *(.stab.excl)

.stab.exclstr
 *(.stab.exclstr)

.stab.index
 *(.stab.index)

.stab.indexstr
 *(.stab.indexstr)

.ARM.attributes
                0x00000000       0x2c
 .ARM.attributes
                0x00000000       0x2c debug\s3eFlurry_platform.os
 .ARM.attributes
                0x0000002c       0x2c debug\s3eFlurry.os
 .ARM.attributes
                0x00000058       0x2c debug\s3eFlurry_register.os
 .ARM.attributes
                0x00000084       0x2c C:\dev\sdk\main\s3e\edk\lib\android\libedk.a(IwDebug.o)
 .ARM.attributes
                0x000000b0       0x2c C:\dev\sdk\main\s3e\edk\lib\android\libedk.a(edk_helpers.o)

.comment        0x00000000       0xd7
 *(.comment)
 .comment       0x00000000       0x2b debug\s3eFlurry_platform.os
 .comment       0x0000002b       0x2b debug\s3eFlurry.os
 .comment       0x00000056       0x2b debug\s3eFlurry_register.os
 .comment       0x00000081       0x2b C:\dev\sdk\main\s3e\edk\lib\android\libedk.a(IwDebug.o)
 .comment       0x000000ac       0x2b C:\dev\sdk\main\s3e\edk\lib\android\libedk.a(edk_helpers.o)

.debug
 *(.debug)

.line
 *(.line)

.debug_srcinfo
 *(.debug_srcinfo)

.debug_sfnames
 *(.debug_sfnames)

.debug_aranges  0x00000000      0x238
 *(.debug_aranges)
 .debug_aranges
                0x00000000      0x108 debug\s3eFlurry_platform.os
 .debug_aranges
                0x00000108       0x98 debug\s3eFlurry.os
 .debug_aranges
                0x000001a0       0x98 debug\s3eFlurry_register.os

.debug_pubnames
                0x00000000      0x54c
 *(.debug_pubnames)
 .debug_pubnames
                0x00000000      0x361 debug\s3eFlurry_platform.os
 .debug_pubnames
                0x00000361      0x1b0 debug\s3eFlurry.os
 .debug_pubnames
                0x00000511       0x3b debug\s3eFlurry_register.os

.debug_info     0x00000000     0x66f7
 *(.debug_info .gnu.linkonce.wi.*)
 .debug_info    0x00000000     0x5f29 debug\s3eFlurry_platform.os
 .debug_info    0x00005f29      0x3d7 debug\s3eFlurry.os
 .debug_info    0x00006300      0x3f7 debug\s3eFlurry_register.os

.debug_abbrev   0x00000000      0x4ab
 *(.debug_abbrev)
 .debug_abbrev  0x00000000      0x282 debug\s3eFlurry_platform.os
 .debug_abbrev  0x00000282       0xfc debug\s3eFlurry.os
 .debug_abbrev  0x0000037e      0x12d debug\s3eFlurry_register.os

.debug_line     0x00000000      0x7cb
 *(.debug_line)
 .debug_line    0x00000000      0x41d debug\s3eFlurry_platform.os
 .debug_line    0x0000041d      0x1ba debug\s3eFlurry.os
 .debug_line    0x000005d7      0x1f4 debug\s3eFlurry_register.os

.debug_frame    0x00000000      0x6c8
 *(.debug_frame)
 .debug_frame   0x00000000      0x344 debug\s3eFlurry_platform.os
 .debug_frame   0x00000344      0x1c0 debug\s3eFlurry.os
 .debug_frame   0x00000504      0x1c4 debug\s3eFlurry_register.os

.debug_str      0x00000000     0x507f
 *(.debug_str)
 .debug_str     0x00000000     0x4de5 debug\s3eFlurry_platform.os
                               0x4f88 (size before relaxing)
 .debug_str     0x00004de5       0x8e debug\s3eFlurry.os
                                0x415 (size before relaxing)
 .debug_str     0x00004e73      0x20c debug\s3eFlurry_register.os
                                0x43d (size before relaxing)

.debug_loc      0x00000000      0xa04
 *(.debug_loc)
 .debug_loc     0x00000000      0x4f7 debug\s3eFlurry_platform.os
 .debug_loc     0x000004f7      0x280 debug\s3eFlurry.os
 .debug_loc     0x00000777      0x28d debug\s3eFlurry_register.os

.debug_macinfo
 *(.debug_macinfo)

.debug_weaknames
 *(.debug_weaknames)

.debug_funcnames
 *(.debug_funcnames)

.debug_typenames
 *(.debug_typenames)

.debug_varnames
 *(.debug_varnames)

.debug_pubtypes
 *(.debug_pubtypes)

.debug_ranges   0x00000000      0x220
 *(.debug_ranges)
 .debug_ranges  0x00000000      0x100 debug\s3eFlurry_platform.os
 .debug_ranges  0x00000100       0x90 debug\s3eFlurry.os
 .debug_ranges  0x00000190       0x90 debug\s3eFlurry_register.os

.gnu.attributes
 *(.gnu.attributes)

.note.gnu.arm.ident
 *(.note.gnu.arm.ident)

/DISCARD/
 *(.note.GNU-stack)
 *(.gnu_debuglink)
OUTPUT(C:\dev\sdk\main\extensions\s3eflurry\lib\android\libs3eFlurry_d.so elf32-littlearm)
